bin/backint;opt/sdb/7600/bin/backint
bin/dbmevtdisp;opt/sdb/7600/bin/dbmevtdisp
bin/dbmevthndl_display;opt/sdb/7600/bin/dbmevthndl_display
bin/dbmcli;opt/sdb/7600/bin/dbmcli
bin/dbmsrvctl;opt/sdb/7600/bin/dbmsrvctl
bin/pipe2file;opt/sdb/7600/bin/pipe2file
bin/ps_all;opt/sdb/7600/bin/ps_all
bin/sdbfill;opt/sdb/7600/bin/sdbfill
bin/x_diagnose;opt/sdb/7600/bin/x_diagnose
bin/x_python;opt/sdb/7600/bin/x_python
bin/xkernprot;opt/sdb/7600/bin/xkernprot
bin/xsql;opt/sdb/7600/bin/xsql
bin/xtracesort;opt/sdb/7600/bin/xtracesort
demo/HOTEL.py;opt/sdb/7600/demo/HOTEL.py
demo/ltutorial.py;opt/sdb/7600/demo/ltutorial.py
demo/tutoriallib.py;opt/sdb/7600/demo/tutoriallib.py
env/APPS.py;opt/sdb/7600/env/APPS.py
env/CNR3DATA.py;opt/sdb/7600/env/CNR3DATA.py
env/CNR3TAB.py;opt/sdb/7600/env/CNR3TAB.py
env/DBMVIEWS.py;opt/sdb/7600/env/DBMVIEWS.py
env/GARBAGE.py;opt/sdb/7600/env/GARBAGE.py
env/INFO.py;opt/sdb/7600/env/INFO.py
env/JDBC.py;opt/sdb/7600/env/JDBC.py
env/ODBC.py;opt/sdb/7600/env/ODBC.py
env/ORADD.py;opt/sdb/7600/env/ORADD.py
env/ORADDCOM.py;opt/sdb/7600/env/ORADDCOM.py
env/ORADDSYN.py;opt/sdb/7600/env/ORADDSYN.py
env/ORADDV.py;opt/sdb/7600/env/ORADDV.py
env/PRECOM.py;opt/sdb/7600/env/PRECOM.py
env/REPOSITORY.py;opt/sdb/7600/env/REPOSITORY.py
env/SHOWCMD.py;opt/sdb/7600/env/SHOWCMD.py
env/SQLDBC.py;opt/sdb/7600/env/SQLDBC.py
env/SYSDBA.py;opt/sdb/7600/env/SYSDBA.py
env/SYSDBACOM.py;opt/sdb/7600/env/SYSDBACOM.py
env/SYSINFO.py;opt/sdb/7600/env/SYSINFO.py
env/SYSINFOCOM.py;opt/sdb/7600/env/SYSINFOCOM.py
env/TRIGGER.py;opt/sdb/7600/env/TRIGGER.py
env/UDE.py;opt/sdb/7600/env/UDE.py
env/WA.py;opt/sdb/7600/env/WA.py
env/XDD.py;opt/sdb/7600/env/XDD.py
env/XDDCOM.py;opt/sdb/7600/env/XDDCOM.py
env/cserv.pcf;opt/sdb/7600/env/cserv.pcf
env/dbanalyzer76.cfg;opt/sdb/7600/env/dbanalyzer76.cfg
env/en/DBM.en;opt/sdb/7600/env/en/DBM.en
env/general.use;opt/sdb/7600/env/general.use
env/installib.py;opt/sdb/7600/env/installib.py
env/kernprot.use;opt/sdb/7600/env/kernprot.use
env/lapps.py;opt/sdb/7600/env/lapps.py
env/SAPDBLOADER.py;opt/sdb/7600/env/SAPDBLOADER.py
env/lsystab.py;opt/sdb/7600/env/lsystab.py
etc/VERSIONS;opt/sdb/7600/etc/VERSIONS
lib/ContentStorage.so;opt/sdb/7600/lib/ContentStorage.so
lib/dbpinstall.so;opt/sdb/7600/lib/dbpinstall.so
lib/libhsscopy.so;opt/sdb/7600/lib/libhsscopy.so
lib/liboms.so;opt/sdb/7600/lib/liboms.so
lib/python23.zip;opt/sdb/7600/lib/python23.zip
lib/python2.3/optlib.py;opt/sdb/7600/lib/python2.3/optlib.py
lib/python2.3/sdb/__init__.py;opt/sdb/7600/lib/python2.3/sdb/__init__.py
lib/python2.3/sdb/dbmmodule.so;opt/sdb/7600/lib/python2.3/sdb/dbmmodule.so
lib/python2.3/sdb/loadermodule.so;opt/sdb/7600/lib/python2.3/sdb/loadermodule.so
lib/python2.3/sdb/sqlmodule.so;opt/sdb/7600/lib/python2.3/sdb/sqlmodule.so
lib/python2.3/sdb/dbapi.py;opt/sdb/7600/lib/python2.3/sdb/dbapi.py
lib/libSQLDBC.so;lib/opt/sdb/7600/lib/libSQLDBC.so
lib/libSQLDBC_C.so;lib/opt/sdb/7600/lib/libSQLDBC_C.so
pgm/cons;opt/sdb/7600/pgm/cons
pgm/dbmreg;opt/sdb/7600/pgm/dbmreg
pgm/dbmsrv;opt/sdb/7600/pgm/dbmsrv
pgm/dbmsrvscd;opt/sdb/7600/pgm/dbmsrvscd
pgm/dbmshm;opt/sdb/7600/pgm/dbmshm
pgm/dbmstart;opt/sdb/7600/pgm/dbmstart
pgm/dbmstop;opt/sdb/7600/pgm/dbmstop
pgm/dbmunreg;opt/sdb/7600/pgm/dbmunreg
pgm/dbmverifypw;opt/sdb/7600/pgm/dbmverifypw
pgm/diagnose;opt/sdb/7600/pgm/diagnose
pgm/kernel;opt/sdb/7600/pgm/kernel
pgm/lserver;opt/sdb/7600/pgm/lserver
pgm/python;opt/sdb/7600/pgm/python
pgm/slowknl;opt/sdb/7600/pgm/slowknl
pgm/starter/sdbstarter;opt/sdb/7600/pgm/starter/sdbstarter
bin/sqlver;opt/sdb/7600/bin/sqlver
#bin/sqlwhat;opt/sdb/7600/bin/sqlwhat
pgm/sysrc;opt/sdb/7600/pgm/sysrc
pgm/tracesort;opt/sdb/7600/pgm/tracesort
sap/grantxdb.dbm;opt/sdb/7600/sap/grantxdb.dbm
bin/sqlver;opt/sdb/programs/bin/sqlver
bin/sqlwhat;opt/sdb/programs/bin/sqlwhat
lib/libSQLDBC.so;opt/sdb/programs/lib/libSQLDBC.so
lib/libSQLDBC_C.so;opt/sdb/programs/lib/libSQLDBC_C.so
bin/sqldbc_cons;opt/sdb/programs/bin/sqldbc_cons
sdk/sqldbc/incl/SQLDBC.h;opt/sdb/programs/sdk/sqldbc/incl/SQLDBC.h
sdk/sqldbc/incl/SQLDBC_C.h;opt/sdb/programs/sdk/sqldbc/incl/SQLDBC_C.h
sdk/sqldbc/incl/SQLDBC_Types.h;opt/sdb/programs/sdk/sqldbc/incl/SQLDBC_Types.h
env/de/ODBCM.de;opt/sdb/interfaces/odbc/env/de/ODBCM.de
env/en/ODBCM.en;opt/sdb/interfaces/odbc/env/en/ODBCM.en
incl/WINDOWS.H;opt/sdb/interfaces/odbc/incl/WINDOWS.H
incl/sql.h;opt/sdb/interfaces/odbc/incl/sql.h
incl/sqlext.h;opt/sdb/interfaces/odbc/incl/sqlext.h
incl/sqltypes.h;opt/sdb/interfaces/odbc/incl/sqltypes.h
incl/sqlucode.h;opt/sdb/interfaces/odbc/incl/sqlucode.h
lib/libodcompr.a;opt/sdb/interfaces/odbc/lib/libodcompr.a
lib/libodcompr.so;opt/sdb/interfaces/odbc/lib/libodcompr.so
lib/libsqlod.a;opt/sdb/interfaces/odbc/lib/libsqlod.a
lib/libsqlod.so;opt/sdb/interfaces/odbc/lib/libsqlod.so
lib/libsqlodw.a;opt/sdb/interfaces/odbc/lib/libsqlodw.a
lib/libsqlodw.so;opt/sdb/interfaces/odbc/lib/libsqlodw.so
lib/libsqlrte.a;opt/sdb/interfaces/odbc/lib/libsqlrte.a
lib/libsqlrte.so;opt/sdb/interfaces/odbc/lib/libsqlrte.so
runtime/jar/sapdbc.jar;opt/sdb/interfaces/jdbc/jar/sapdbc.jar
runtime/perl/dbmcperl.so;opt/sdb/interfaces/perl/misc/dbmcperl.so
runtime/perl/loadercperl.so;opt/sdb/interfaces/perl/misc/loadercperl.so
runtime/perl/SAP/DBTech/dbm.pm;opt/sdb/interfaces/perl/SAP/DBTech/dbm.pm
runtime/perl/SAP/DBTech/loader.pm;opt/sdb/interfaces/perl/misc/SAP/DBTech/loader.pm
runtime/python/sdb/__init__.py;opt/sdb/interfaces/python/sdb/__init__.py
runtime/python/sdb/dbapi.py;opt/sdb/interfaces/python/sdb/dbapi.py
runtime/python/sdb/dbm.py;opt/sdb/interfaces/python/sdb/dbm.py
runtime/python/sdb/loader.py;opt/sdb/interfaces/python/sdb/loader.py
runtime/python/sdb/sql.py;opt/sdb/interfaces/python/sdb/sql.py
runtime/python/sdb/python-py15/__init__.py;opt/sdb/interfaces/python/sdb/python-py15/__init__.py
runtime/python/sdb/python-py15/dbmmodule.so;opt/sdb/interfaces/python/sdb/python-py15/dbmmodule.so
runtime/python/sdb/python-py15/loadermodule.so;opt/sdb/interfaces/python/sdb/python-py15/loadermodule.so
runtime/python/sdb/python-py15/sqlmodule.so;opt/sdb/interfaces/python/sdb/python-py15/sqlmodule.so
runtime/python/sdb/python-py20/__init__.py;opt/sdb/interfaces/python/sdb/python-py20/__init__.py
runtime/python/sdb/python-py20/dbmmodule.so;opt/sdb/interfaces/python/sdb/python-py20/dbmmodule.so
runtime/python/sdb/python-py20/loadermodule.so;opt/sdb/interfaces/python/sdb/python-py20/loadermodule.so
runtime/python/sdb/python-py20/sqlmodule.so;opt/sdb/interfaces/python/sdb/python-py20/sqlmodule.so
runtime/python/sdb/python-py21/__init__.py;opt/sdb/interfaces/python/sdb/python-py21/__init__.py
runtime/python/sdb/python-py21/dbmmodule.so;opt/sdb/interfaces/python/sdb/python-py21/dbmmodule.so
runtime/python/sdb/python-py21/loadermodule.so;opt/sdb/interfaces/python/sdb/python-py21/loadermodule.so
runtime/python/sdb/python-py21/sqlmodule.so;opt/sdb/interfaces/python/sdb/python-py21/sqlmodule.so
runtime/python/sdb/python-py22/__init__.py;opt/sdb/interfaces/python/sdb/python-py22/__init__.py
runtime/python/sdb/python-py22/dbmmodule.so;opt/sdb/interfaces/python/sdb/python-py22/dbmmodule.so
runtime/python/sdb/python-py22/loadermodule.so;opt/sdb/interfaces/python/sdb/python-py22/loadermodule.so
runtime/python/sdb/python-py22/sqlmodule.so;opt/sdb/interfaces/python/sdb/python-py22/sqlmodule.so
runtime/python/sdb/python-py23/__init__.py;opt/sdb/interfaces/python/sdb/python-py23/__init__.py
runtime/python/sdb/python-py23/dbmmodule.so;opt/sdb/interfaces/python/sdb/python-py23/dbmmodule.so
runtime/python/sdb/python-py23/loadermodule.so;opt/sdb/interfaces/python/sdb/python-py23/loadermodule.so
runtime/python/sdb/python-py23/sqlmodule.so;opt/sdb/interfaces/python/sdb/python-py23/sqlmodule.so
runtime/python/sapdb/__init__.py;opt/sdb/interfaces/python/sapdb/__init__.py
runtime/python/sapdb/dbm.py;opt/sdb/interfaces/python/sapdb/dbm.py
runtime/python/sapdb/loader.py;opt/sdb/interfaces/python/sapdb/loader.py
runtime/python/sapdb/sql.py;opt/sdb/interfaces/python/sapdb/sql.py
runtime/python/sapdb/dbapi.py;opt/sdb/interfaces/python/sapdb/dbapi.py
runtime/python/maxdb/__init__.py;opt/sdb/interfaces/python/maxdb/__init__.py
runtime/python/maxdb/dbm.py;opt/sdb/interfaces/python/maxdb/dbm.py
runtime/python/maxdb/loader.py;opt/sdb/interfaces/python/maxdb/loader.py
runtime/python/maxdb/sql.py;opt/sdb/interfaces/python/maxdb/sql.py
runtime/python/maxdb/dbapi.py;opt/sdb/interfaces/python/maxdb/dbapi.py
../sys/wrk/fast/install/rpm/maxdb_globals;etc/opt/sdb
bin/dbanalyzer;opt/sdb/programs/bin/dbanalyzer
bin/dbmcli;opt/sdb/programs/bin/dbmcli
bin/dbmevtdisp;opt/sdb/programs/bin/dbmevtdisp
bin/dbmgetf;opt/sdb/programs/bin/dbmgetf
bin/getdbroot;opt/sdb/programs/bin/getdbroot
bin/loadercli;opt/sdb/programs/bin/loadercli
bin/protconv;opt/sdb/programs/bin/protconv
bin/sdbconfig;opt/sdb/programs/bin/sdbconfig
bin/sdbinfo;opt/sdb/programs/bin/sdbinfo
bin/starter/sdbstarter;opt/sdb/programs/bin/starter/sdbstarter
bin/sqlcli;opt/sdb/programs/bin/sqlcli
bin/sysmon;opt/sdb/programs/bin/sysmon
bin/x_analys;opt/sdb/programs/bin/x_analys
bin/x_cons;opt/sdb/programs/bin/x_cons
bin/x_maketi;opt/sdb/programs/bin/x_maketi
bin/x_ping;opt/sdb/programs/bin/x_ping
bin/x_server;opt/sdb/programs/bin/x_server
bin/x_start;opt/sdb/programs/bin/x_start
bin/x_stop;opt/sdb/programs/bin/x_stop
bin/x_wiz;opt/sdb/programs/bin/x_wiz
bin/x_wizstop;opt/sdb/programs/bin/x_wizstop
bin/xsysrc;opt/sdb/programs/bin/xsysrc
bin/xuser;opt/sdb/programs/bin/xuser
bin/ps_all;opt/sdb/programs/bin/ps_all
env/dbanalyzer.cfg;opt/sdb/programs/env/dbanalyzer.cfg
env/dbanalyzer742.cfg;opt/sdb/programs/env/dbanalyzer742.cfg
env/dbanalyzer743.cfg;opt/sdb/programs/env/dbanalyzer743.cfg
env/dbanalyzer75.cfg;opt/sdb/programs/env/dbanalyzer75.cfg
env/dbanalyzer76.cfg;opt/sdb/programs/env/dbanalyzer76.cfg
env/vserver.use;opt/sdb/programs/env/vserver.use
env/xstart.use;opt/sdb/programs/env/xstart.use
env/xstop.use;opt/sdb/programs/env/xstop.use
etc/VERSIONS;opt/sdb/programs/etc/VERSIONS
lib/libsapni.so;opt/sdb/programs/lib/libsapni.so
lib/libsapu16.so;opt/sdb/programs/lib/libsapu16.so
lib/libSQLDBC.so;opt/sdb/programs/lib/libSQLDBC.so
lib/libSQLDBC_C.so;opt/sdb/programs/lib/libSQLDBC_C.so
pgm/lserver;opt/sdb/programs/pgm/lserver
pgm/maketi;opt/sdb/programs/pgm/maketi
pgm/niserver;opt/sdb/programs/pgm/niserver
pgm/nisslserver;opt/sdb/programs/pgm/nisslserver
pgm/starter/sdbstarter;opt/sdb/programs/pgm/starter/sdbstarter
pgm/vserver;opt/sdb/programs/pgm/vserver
terminfo/aixterm-m.ti;opt/sdb/programs/terminfo/aixterm-m.ti
terminfo/aixterm.ti;opt/sdb/programs/terminfo/aixterm.ti
terminfo/ansi.ti;opt/sdb/programs/terminfo/ansi.ti
terminfo/at386.ti;opt/sdb/programs/terminfo/at386.ti
terminfo/ba48.ti;opt/sdb/programs/terminfo/ba48.ti
terminfo/ba80-08.ti;opt/sdb/programs/terminfo/ba80-08.ti
terminfo/chrclass/german;opt/sdb/programs/terminfo/chrclass/german
terminfo/chrclass/ibm437;opt/sdb/programs/terminfo/chrclass/ibm437
terminfo/chrclass/iso8859;opt/sdb/programs/terminfo/chrclass/iso8859
terminfo/chrclass/mbcs;opt/sdb/programs/terminfo/chrclass/mbcs
terminfo/dap4x.ti;opt/sdb/programs/terminfo/dap4x.ti
terminfo/dec-xterm.ti;opt/sdb/programs/terminfo/dec-xterm.ti
terminfo/ibm3151.ti;opt/sdb/programs/terminfo/ibm3151.ti
terminfo/sni-xterm.ti;opt/sdb/programs/terminfo/sni-xterm.ti
terminfo/sqldbsun.ti;opt/sdb/programs/terminfo/sqldbsun.ti
terminfo/sun-cmd.ti;opt/sdb/programs/terminfo/sun-cmd.ti
terminfo/term/aixterm-m.hif;opt/sdb/programs/terminfo/term/aixterm-m.hif
terminfo/term/aixterm.hif;opt/sdb/programs/terminfo/term/aixterm.hif
terminfo/term/ansi-col.hif;opt/sdb/programs/terminfo/term/ansi-col.hif
terminfo/term/ansi-gra.hif;opt/sdb/programs/terminfo/term/ansi-gra.hif
terminfo/term/ansi.hif;opt/sdb/programs/terminfo/term/ansi.hif
terminfo/term/at386-col.hif;opt/sdb/programs/terminfo/term/at386-col.hif
terminfo/term/at386-gra.hif;opt/sdb/programs/terminfo/term/at386-gra.hif
terminfo/term/at386.hif;opt/sdb/programs/terminfo/term/at386.hif
terminfo/term/ba48.hif;opt/sdb/programs/terminfo/term/ba48.hif
terminfo/term/ba80.hif;opt/sdb/programs/terminfo/term/ba80.hif
terminfo/term/dap4x.hif;opt/sdb/programs/terminfo/term/dap4x.hif
terminfo/term/dap4xvt100.hif;opt/sdb/programs/terminfo/term/dap4xvt100.hif
terminfo/term/dec-xterm.hif;opt/sdb/programs/terminfo/term/dec-xterm.hif
terminfo/term/ibm3151.hif;opt/sdb/programs/terminfo/term/ibm3151.hif
terminfo/term/sni-xterm.hif;opt/sdb/programs/terminfo/term/sni-xterm.hif
terminfo/term/sqldb-ow.hif;opt/sdb/programs/terminfo/term/sqldb-ow.hif
terminfo/term/uslxterm.hif;opt/sdb/programs/terminfo/term/uslxterm.hif
terminfo/term/vt100.hif;opt/sdb/programs/terminfo/term/vt100.hif
terminfo/term/vt100_hp.hif;opt/sdb/programs/terminfo/term/vt100_hp.hif
terminfo/term/vt100_mbcs.hif;opt/sdb/programs/terminfo/term/vt100_mbcs.hif
terminfo/term/vt220.hif;opt/sdb/programs/terminfo/term/vt220.hif
terminfo/term/vt320.hif;opt/sdb/programs/terminfo/term/vt320.hif
terminfo/uslxterm.ti;opt/sdb/programs/terminfo/uslxterm.ti
terminfo/vt100.ti;opt/sdb/programs/terminfo/vt100.ti
terminfo/vt100_hp.ti;opt/sdb/programs/terminfo/vt100_hp.ti
terminfo/vt100_mbcs.ti;opt/sdb/programs/terminfo/vt100_mbcs.ti
terminfo/vt220.ti;opt/sdb/programs/terminfo/vt220.ti
terminfo/vt320.ti;opt/sdb/programs/terminfo/vt320.ti
#opt/sdb/programs/demo/FirstSteps/Java/DemodbData.class
#opt/sdb/programs/demo/FirstSteps/Java/DemodbData.java
#opt/sdb/programs/demo/FirstSteps/Java/HelloSAPDB.class
#opt/sdb/programs/demo/FirstSteps/Java/HelloSAPDB.java
#opt/sdb/programs/demo/FirstSteps/Java/HowToJava.html
#opt/sdb/programs/demo/FirstSteps/Java/StateSAPDB.class
#opt/sdb/programs/demo/FirstSteps/Java/StateSAPDB.java
#opt/sdb/programs/demo/FirstSteps/ODBC/HelloSAPDB.c
#opt/sdb/programs/demo/FirstSteps/ODBC/HowToODBC.html
#opt/sdb/programs/demo/FirstSteps/ODBC/Makefile
#opt/sdb/programs/demo/FirstSteps/ODBC/odbcexample.c
#opt/sdb/programs/demo/FirstSteps/Perl/HelloDbiAtSAPDB.pl
#opt/sdb/programs/demo/FirstSteps/Perl/HelloSAPDB.pl
#opt/sdb/programs/demo/FirstSteps/Perl/HowToPerl.html
#opt/sdb/programs/demo/FirstSteps/Perl/StateSAPDB.pl
#opt/sdb/programs/demo/FirstSteps/Perl/demodbData.pm
#opt/sdb/programs/demo/FirstSteps/Python/HelloSAPDB.py
#opt/sdb/programs/demo/FirstSteps/Python/HowToPython.html
#opt/sdb/programs/demo/FirstSteps/Python/StateSAPDB.py
#opt/sdb/programs/demo/FirstSteps/Python/demodbData.py
#opt/sdb/programs/demo/FirstSteps/index.html
#opt/sdb/programs/demo/FirstSteps/sapdbenv.sh
Documents/index.html;opt/sdb/web/Documents/index.html
config/WebAgent76.ini;opt/sdb/web/config/WebAgent76.ini
config/mime.types;opt/sdb/web/config/mime.types
lib/libsqlrte.so;opt/sdb/web/lib/libsqlrte.so
lib/libwapi.so;opt/sdb/web/lib/libwapi.so
lib/webdbm.so;opt/sdb/web/lib/webdbm.so
pgm/wahttp;opt/sdb/web/pgm/wahttp
pgm/wahttp.conf;opt/sdb/web/pgm/wahttp.conf
