Documents/WARoot/HTML/DBMBackup.htm
Documents/WARoot/HTML/DBMBadDevspaces.htm
Documents/WARoot/HTML/DBMCommand.htm
Documents/WARoot/HTML/DBMDatabases.htm
Documents/WARoot/HTML/DBMDevspace.htm
Documents/WARoot/HTML/DBMDevspaces.htm
Documents/WARoot/HTML/DBMEmpty.htm
Documents/WARoot/HTML/DBMFile.htm
Documents/WARoot/HTML/DBMFiles.htm
Documents/WARoot/HTML/DBMFrame.htm
Documents/WARoot/HTML/DBMHeader.htm
Documents/WARoot/HTML/DBMHistory.htm
Documents/WARoot/HTML/DBMIndexes.htm
Documents/WARoot/HTML/DBMInfoTable.htm
Documents/WARoot/HTML/DBMKernelTrace.htm
Documents/WARoot/HTML/DBMLogMode.htm
Documents/WARoot/HTML/DBMLogoff.htm
Documents/WARoot/HTML/DBMLogon.htm
Documents/WARoot/HTML/DBMMedia.htm
Documents/WARoot/HTML/DBMMedium.htm
Documents/WARoot/HTML/DBMMenu.htm
Documents/WARoot/HTML/DBMMsgBox.htm
Documents/WARoot/HTML/DBMParam.htm
Documents/WARoot/HTML/DBMParams.htm
Documents/WARoot/HTML/DBMParmed.htm
Documents/WARoot/HTML/DBMRecovery.htm
Documents/WARoot/HTML/DBMShow.htm
Documents/WARoot/HTML/DBMShows.htm
Documents/WARoot/HTML/DBMSize.htm
Documents/WARoot/HTML/DBMState.htm
Documents/WARoot/HTML/DBMSysTabs.htm
Documents/WARoot/HTML/DBMUpdStat.htm
Documents/WARoot/HTML/DBMUser.htm
Documents/WARoot/HTML/DBMUsers.htm
Documents/WARoot/HTML/DBMVerify.htm
Documents/WARoot/HTML/DBMVersion.htm
Documents/WARoot/HTML/DBMWizMenu.htm
Documents/WARoot/HTML/DBMWizard.htm
Documents/WARoot/HTML/SAPDBMsgBox.htm
Documents/WARoot/HTML/SAPDBSimpleTable.htm
Documents/WARoot/HTML/WADefineNewService.htm
Documents/WARoot/HTML/WADefineNewServiceParameter.htm
Documents/WARoot/HTML/WADefineNewSessionPool.htm
Documents/WARoot/HTML/WAHeader.htm
Documents/WARoot/HTML/WAShowService.htm
Documents/WARoot/HTML/WAShowServiceParametersToDelete.htm
Documents/WARoot/HTML/WAShowServiceToDelete.htm
Documents/WARoot/HTML/WAShowSessionPool.htm
Documents/WARoot/HTML/WAShowSessionPoolToDelete.htm
Documents/WARoot/HTML/WDVHandler_Html_Header.htm
Documents/WARoot/HTML/WDVHandler_Html_Message.htm
Documents/WARoot/HTML/XMLIDMLib_Html_ClientService.htm
Documents/WARoot/HTML/XMLIDMLib_Html_ClientXieAdmin.htm
Documents/WARoot/HTML/XMLIDMLib_Html_ClientXmlModelling.htm
Documents/WARoot/HTML/XMLIDMLib_Html_DocClass_New.htm
Documents/WARoot/HTML/XMLIDMLib_Html_DocClass_Show.htm
Documents/WARoot/HTML/XMLIDMLib_Html_DocNavigation.htm
Documents/WARoot/HTML/XMLIDMLib_Html_Empty.htm
Documents/WARoot/HTML/XMLIDMLib_Html_EmptyServ.htm
Documents/WARoot/HTML/XMLIDMLib_Html_EmptyXie.htm
Documents/WARoot/HTML/XMLIDMLib_Html_HeaderEmbedded.htm
Documents/WARoot/HTML/XMLIDMLib_Html_IndexingService_New.htm
Documents/WARoot/HTML/XMLIDMLib_Html_IndexingService_Show.htm
Documents/WARoot/HTML/XMLIDMLib_Html_InitialFrameEmbedded.htm
Documents/WARoot/HTML/XMLIDMLib_Html_InitialFrameXieEmbedded.htm
Documents/WARoot/HTML/XMLIDMLib_Html_Message.htm
Documents/WARoot/HTML/XMLIDMLib_Html_MessageEmpty.htm
Documents/WARoot/HTML/XMLIDMLib_Html_NavigationEmbedded.htm
Documents/WARoot/HTML/XMLIDMLib_Html_ServiceNavigation.htm
Documents/WARoot/HTML/XMLIDMLib_Html_SessionPool_New.htm
Documents/WARoot/HTML/XMLIDMLib_Html_SessionPool_Show.htm
Documents/WARoot/HTML/XMLIDMLib_Html_XieHeaderEmbedded.htm
Documents/WARoot/HTML/XMLIDMLib_Html_XieNavigation.htm
Documents/WARoot/HTML/XMLIDMLib_Html_XieNavigationEmbedded.htm
Documents/WARoot/HTML/XMLIDMLib_Html_Xie_Show.htm
Documents/WARoot/HTML/XMLIDMLib_Html_Xie_ShowAll.htm
Documents/WARoot/HTML/XMLIDMLib_Html_XmlIndex_New.htm
Documents/WARoot/HTML/XMLIDMLib_Html_XmlIndex_Show.htm
Documents/WARoot/HTML/XMLIDMLib_Html_XmlNavigation.htm
Documents/WARoot/HTML/XMLQCLib_Html_ClientQuery.htm
Documents/WARoot/HTML/XMLQCLib_Html_FreeQuery.htm
Documents/WARoot/HTML/XMLQCLib_Html_HeaderEmbedded.htm
Documents/WARoot/HTML/XMLQCLib_Html_InitialFrameEmbedded.htm
Documents/WARoot/HTML/XMLQCLib_Html_Message.htm
Documents/WARoot/HTML/XMLQCLib_Html_Navigation.htm
Documents/WARoot/HTML/wqempty.htm
Documents/WARoot/HTML/wqframe.htm
Documents/WARoot/HTML/wqlogon.htm
Documents/WARoot/HTML/wqlogonmain.htm
Documents/WARoot/HTML/wqlogonmenu.htm
Documents/WARoot/HTML/wqparamquery.htm
Documents/WARoot/HTML/wqresulttemplate.htm
Documents/WARoot/HTML/wqsql.htm
Documents/WARoot/HTML/wqtreebuttons.htm
Documents/WARoot/Images/1x1.gif
Documents/WARoot/Images/LMDemo.gif
Documents/WARoot/Images/LMDual.gif
Documents/WARoot/Images/LMDualDemo.gif
Documents/WARoot/Images/LMSingle.gif
Documents/WARoot/Images/WACorner.gif
Documents/WARoot/Images/WAHeader.png
Documents/WARoot/Images/WANav1.gif
Documents/WARoot/Images/WANav10.gif
Documents/WARoot/Images/WANav11.gif
Documents/WARoot/Images/WANav12.gif
Documents/WARoot/Images/WANav13.gif
Documents/WARoot/Images/WANav2.gif
Documents/WARoot/Images/WANav3.gif
Documents/WARoot/Images/WANav4.gif
Documents/WARoot/Images/WANav5.gif
Documents/WARoot/Images/WANav6.gif
Documents/WARoot/Images/WANav61.gif
Documents/WARoot/Images/WANav7.gif
Documents/WARoot/Images/WANav8.gif
Documents/WARoot/Images/WANav9.gif
Documents/WARoot/Images/arrowc.gif
Documents/WARoot/Images/arrowo.gif
Documents/WARoot/Images/b_arri.gif
Documents/WARoot/Images/ballgreen.gif
Documents/WARoot/Images/ballgrey.gif
Documents/WARoot/Images/ballred.gif
Documents/WARoot/Images/ballyellow.gif
Documents/WARoot/Images/bigcube.gif
Documents/WARoot/Images/bluebar.gif
Documents/WARoot/Images/brand.gif
Documents/WARoot/Images/brand_left.gif
Documents/WARoot/Images/brand_right.gif
Documents/WARoot/Images/brdl.gif
Documents/WARoot/Images/brdr.gif
Documents/WARoot/Images/btn6.gif
Documents/WARoot/Images/btnb1.gif
Documents/WARoot/Images/btnb2.gif
Documents/WARoot/Images/btnb3.gif
Documents/WARoot/Images/btnb4.gif
Documents/WARoot/Images/btnb5.gif
Documents/WARoot/Images/btnl1.gif
Documents/WARoot/Images/btnl2.gif
Documents/WARoot/Images/btnl3.gif
Documents/WARoot/Images/btnl4.gif
Documents/WARoot/Images/btnl5.gif
Documents/WARoot/Images/btnr1.gif
Documents/WARoot/Images/btnr2.gif
Documents/WARoot/Images/btnr3.gif
Documents/WARoot/Images/btnr4.gif
Documents/WARoot/Images/btnr5.gif
Documents/WARoot/Images/button.gif
Documents/WARoot/Images/button_dsbl.gif
Documents/WARoot/Images/button_hover.gif
Documents/WARoot/Images/cancel.gif
Documents/WARoot/Images/cbempty.gif
Documents/WARoot/Images/cbmark.gif
Documents/WARoot/Images/closeall.gif
Documents/WARoot/Images/cornergb.gif
Documents/WARoot/Images/dboltp0.gif
Documents/WARoot/Images/dboltp1.gif
Documents/WARoot/Images/dboltp2.gif
Documents/WARoot/Images/dboltp3.gif
Documents/WARoot/Images/dboltp4.gif
Documents/WARoot/Images/delete.gif
Documents/WARoot/Images/edit.gif
Documents/WARoot/Images/filling.gif
Documents/WARoot/Images/info.gif
Documents/WARoot/Images/label.gif
Documents/WARoot/Images/ledg.gif
Documents/WARoot/Images/ledi.gif
Documents/WARoot/Images/ledr.gif
Documents/WARoot/Images/ledy.gif
Documents/WARoot/Images/mnu_item.gif
Documents/WARoot/Images/mnu_item_dsbl.gif
Documents/WARoot/Images/msg_error.gif
Documents/WARoot/Images/msg_loading.gif
Documents/WARoot/Images/msg_stop.gif
Documents/WARoot/Images/msg_success.gif
Documents/WARoot/Images/msg_warning.gif
Documents/WARoot/Images/msgcrit.gif
Documents/WARoot/Images/msgerro.gif
Documents/WARoot/Images/msginfo.gif
Documents/WARoot/Images/msgques.gif
Documents/WARoot/Images/msgwarn.gif
Documents/WARoot/Images/ok.gif
Documents/WARoot/Images/openall.gif
Documents/WARoot/Images/rbempty.gif
Documents/WARoot/Images/rbmark.gif
Documents/WARoot/Images/refanim.gif
Documents/WARoot/Images/refresh.gif
Documents/WARoot/Images/sapdbleft.gif
Documents/WARoot/Images/sapdbleft_Bot.gif
Documents/WARoot/Images/sapdbleft_Top.gif
Documents/WARoot/Images/sapdblogo.gif
Documents/WARoot/Images/sapdblogo2.gif
Documents/WARoot/Images/tab_ang_off_off.gif
Documents/WARoot/Images/tab_ang_off_on.gif
Documents/WARoot/Images/tab_ang_on_off.gif
Documents/WARoot/Images/tab_first_ang_off_prev_off.gif
Documents/WARoot/Images/tab_first_ang_off_prev_on.gif
Documents/WARoot/Images/tab_first_ang_on_prev_off.gif
Documents/WARoot/Images/tab_first_ang_on_prev_on.gif
Documents/WARoot/Images/tab_last_off_next_off.gif
Documents/WARoot/Images/tab_last_off_next_on.gif
Documents/WARoot/Images/tab_last_on_next_off.gif
Documents/WARoot/Images/tab_last_on_next_on.gif
Documents/WARoot/Images/tabbkoff.gif
Documents/WARoot/Images/tabbkon.gif
Documents/WARoot/Images/tabfroff.gif
Documents/WARoot/Images/tabfron.gif
Documents/WARoot/Images/taboff.gif
Documents/WARoot/Images/taboffoff.gif
Documents/WARoot/Images/taboffon.gif
Documents/WARoot/Images/tabon.gif
Documents/WARoot/Images/tabonoff.gif
Documents/WARoot/Images/tatami.gif
Documents/WARoot/Images/transbar.gif
Documents/WARoot/Images/treebranch_closed.gif
Documents/WARoot/Images/treebranch_open.gif
Documents/WARoot/Images/treefolder.gif
Documents/WARoot/Images/treeleaf.gif
Documents/WARoot/Images/wait.gif
Documents/WARoot/Images/xml_WANav11.gif
Documents/WARoot/Images/xml_WANav12.gif
Documents/WARoot/Images/xml_WANav3.gif
Documents/WARoot/Images/xml_WANav4.gif
Documents/WARoot/Images/xml_WANav5.gif
Documents/WARoot/Images/xml_WANav7.gif
Documents/WARoot/Images/xml_btnb1.gif
Documents/WARoot/Images/xml_btnb3.gif
Documents/WARoot/Images/xml_btnl1.gif
Documents/WARoot/Images/xml_btnl3.gif
Documents/WARoot/Images/xml_btnr1.gif
Documents/WARoot/Images/xml_btnr3.gif
Documents/WARoot/Images/xml_dotline1.gif
Documents/WARoot/Images/xml_dotline2.gif
Documents/WARoot/Images/xml_file.gif
Documents/WARoot/Images/xml_folder.gif
Documents/WARoot/Images/xml_folder_refresh.gif
Documents/WARoot/Images/xml_folder_trash.gif
Documents/WARoot/Images/xml_folder_up.gif
Documents/WARoot/Images/xml_home.gif
Documents/WARoot/Images/xml_labelnotch.gif
Documents/WARoot/Images/xml_msgcrit.gif
Documents/WARoot/Images/xml_msgerrosmall.gif
Documents/WARoot/Images/xml_msgoksmall.gif
Documents/WARoot/Images/xml_msgwarnsmall.gif
Documents/WARoot/Images/xml_props.gif
Documents/WARoot/Images/xml_tabbkoff.gif
Documents/WARoot/Images/xml_tabbkon.gif
Documents/WARoot/Images/xml_tabfroff.gif
Documents/WARoot/Images/xml_tabfron.gif
Documents/WARoot/Images/xml_taboff.gif
Documents/WARoot/Images/xml_taboffoff.gif
Documents/WARoot/Images/xml_taboffon.gif
Documents/WARoot/Images/xml_tabon.gif
Documents/WARoot/Images/xml_tabonoff.gif
Documents/WARoot/Images/xml_trash.gif
Documents/WARoot/Images/xml_trash_empty.gif
Documents/WARoot/Images/xml_trash_recycle.gif
Documents/WARoot/Images/xml_webdbm.gif
Documents/WARoot/Images/xml_xml.gif
Documents/WARoot/Images/xml_xquery.gif
Documents/WARoot/JavaScripts/DBMToolbox.js
Documents/WARoot/JavaScripts/MyNavigation.js
Documents/WARoot/JavaScripts/Navigation.js
Documents/WARoot/JavaScripts/wqbutton.js
Documents/WARoot/Styles/WDVHandler_Stylesheet.css
Documents/WARoot/Styles/dbm_ie.css
Documents/WARoot/Styles/dbm_ns.css
Documents/WARoot/Styles/ie4_mac.css
Documents/WARoot/Styles/ie4_win.css
Documents/WARoot/Styles/ns4_mac.css
Documents/WARoot/Styles/ns4_win.css
Documents/WARoot/Styles/sapdbweb.css
