&if $OS = WIN32
sqldbc/StmtExecute.exe|sqldbc/StmtExecute.exe
sqldbc/StmtExecuteU.exe|sqldbc/StmtExecuteU.exe
sqldbc/FailedStmt.exe|sqldbc/FailedStmt.exe
sqldbc/FailedPreparedStmt.exe|sqldbc/FailedPreparedStmt.exe
sqldbc/InsStmtExe.exe|sqldbc/InsStmtExe.exe
sqldbc/QueryStmt.exe|sqldbc/QueryStmt.exe
sqldbc/Resultset.exe|sqldbc/Resultset.exe
sqldbc/typestest.exe|sqldbc/typestest.exe
sqldbc/typestestunicode.exe|sqldbc/typestestunicode.exe
sqldbc/commandinfo.exe|sqldbc/commandinfo.exe
sqldbc/SimpleNavigation.exe|sqldbc/SimpleNavigation.exe
sqldbc/MassNavigation.exe|sqldbc/MassNavigation.exe
sqldbc/FetchTypes.exe|sqldbc/FetchTypes.exe
sqldbc/FailedFetchTypes.exe|sqldbc/FailedFetchTypes.exe
sqldbc/FetchPrevious.exe|sqldbc/FetchPrevious.exe
sqldbc/connecttest.exe|sqldbc/connecttest.exe
sqldbc/batchtest.exe|sqldbc/batchtest.exe
sqldbc/mttest.exe|sqldbc/mttest.exe
sqldbc/illegalparam.exe|sqldbc/illegalparam.exe
sqldbc/applparamtest.exe|sqldbc/applparamtest.exe
sqldbc/invdata.exe|sqldbc/invdata.exe
sqldbc/lcsqldbctest.exe|sqldbc/lcsqldbctest.exe
sqldbc/lobtypestest.exe|sqldbc/lobtypestest.exe
sqldbc/lobposition.exe|sqldbc/lobposition.exe
sqldbc/Blobtst001.exe|sqldbc/Blobtst001.exe
sqldbc/canceltest.exe|sqldbc/canceltest.exe
sqldbc/dataexecute.exe|sqldbc/dataexecute.exe
sqldbc/NullVal.exe|sqldbc/NullVal.exe
sqldbc/pspytest.exe|sqldbc/pspytest.exe
sqldbc/applshared.exe|sqldbc/applshared.exe
sqldbc/getrow.exe|sqldbc/getrow.exe
sqldbc/prepstmtmetadata.exe|sqldbc/prepstmtmetadata.exe
sqldbc/resultsetmetadata.exe|sqldbc/resultsetmetadata.exe
sqldbc/allsqldbc.exe|sqldbc/allsqldbc.exe
sqldbc/allsqldbc_c.exe|sqldbc/allsqldbc_c.exe
sqldbc/unterm.exe|sqldbc/unterm.exe
sqldbc/rowsetnav.exe|sqldbc/rowsetnav.exe
sqldbc/rowsaffected.exe|sqldbc/rowsaffected.exe
sqldbc/convertUCS2.exe|sqldbc/convertUCS2.exe
sqldbc/allresultset.exe|sqldbc/allresultset.exe
sqldbc/applinfo.exe|sqldbc/applinfo.exe
sqldbc/allrowset.exe|sqldbc/allrowset.exe
sqldbc/updinsert.exe|sqldbc/updinsert.exe
sqldbc/upddelete.exe|sqldbc/upddelete.exe
sqldbc/updupdate.exe|sqldbc/updupdate.exe
sqldbc/resultSetGetObject.exe|sqldbc/resultSetGetObject.exe
sqldbc/resultSetBindColumn.exe|sqldbc/resultSetBindColumn.exe
sqldbc/errorCheck.exe|sqldbc/errorCheck.exe
sqldbc/typesCheck.exe|sqldbc/typesCheck.exe
sqldbc/conProp.exe|sqldbc/conProp.exe
sqldbc/PreparedStatement.exe|sqldbc/PreparedStatement.exe
sqldbc/droptables.exe|sqldbc/droptables.exe
sqldbc/helloWorld.exe|sqldbc/helloWorld.exe
sqldbc/SQLStmt.exe|sqldbc/SQLStmt.exe
sqldbc/ParamBind.exe|sqldbc/ParamBind.exe
sqldbc/paramtypes.exe|sqldbc/paramtypes.exe
sqldbc/piecewise.exe|sqldbc/piecewise.exe
sqldbc/multiplefetch.exe|sqldbc/multiplefetch.exe
sqldbc/blobsingleinsert.exe|sqldbc/blobsingleinsert.exe
sqldbc/lobselectinto.exe|sqldbc/lobselectinto.exe
sqldbc/getobject.exe|sqldbc/getobject.exe
sqldbc/datatrunc.exe|sqldbc/datatrunc.exe
sqldbc/emptystring.exe|sqldbc/emptystring.exe
sqldbc/ptsmisc.exe|sqldbc/ptsmisc.exe
sqldbc/loblocatortest.exe|sqldbc/loblocatortest.exe
sqldbc/longmix.exe|sqldbc/longmix.exe
sqldbc/lastserial.exe|sqldbc/lastserial.exe
sqldbc/signalaction.exe|sqldbc/signalaction.exe
sqldbc/typesindicator.exe|sqldbc/typesindicator.exe
sqldbc/odbcbinhex.exe|sqldbc/odbcbinhex.exe
sqldbc/oranull.exe|sqldbc/oranull.exe
../usr/bin/sqldbc_cons.exe|sqldbc/sqldbc_cons.exe
sqldbc/samples/HelloWorld.exe|sqldbc/samples/HelloWorld.exe
sqldbc/samples/simpleUCS2.exe|sqldbc/samples/simpleUCS2.exe
sqldbc/sqlmode.exe|sqldbc/sqlmode.exe
&else
#
# Please insert files in alphabetical order
# SAPCAR may produce a core if not sorted.
#
../usr/bin/sqldbc_cons|sqldbc/sqldbc_cons
sqldbc/Blobtst001|sqldbc/Blobtst001
sqldbc/FailedFetchTypes|sqldbc/FailedFetchTypes
sqldbc/FailedPreparedStmt|sqldbc/FailedPreparedStmt
sqldbc/FailedStmt|sqldbc/FailedStmt
sqldbc/FetchPrevious|sqldbc/FetchPrevious
sqldbc/FetchTypes|sqldbc/FetchTypes
sqldbc/InsStmtExe|sqldbc/InsStmtExe
sqldbc/MassNavigation|sqldbc/MassNavigation
sqldbc/NullVal|sqldbc/NullVal
sqldbc/ParamBind|sqldbc/ParamBind
sqldbc/QueryStmt|sqldbc/QueryStmt
sqldbc/Resultset|sqldbc/Resultset
sqldbc/SQLStmt|sqldbc/SQLStmt
sqldbc/SimpleNavigation|sqldbc/SimpleNavigation
sqldbc/StmtExecuteU|sqldbc/StmtExecuteU
sqldbc/StmtExecute|sqldbc/StmtExecute
sqldbc/allresultset|sqldbc/allresultset
sqldbc/allrowset|sqldbc/allrowset
sqldbc/allsqldbc|sqldbc/allsqldbc
sqldbc/allsqldbc_c|sqldbc/allsqldbc_c
sqldbc/applinfo|sqldbc/applinfo
sqldbc/applparamtest|sqldbc/applparamtest
sqldbc/applshared|sqldbc/applshared
sqldbc/batchtest|sqldbc/batchtest
sqldbc/blobsingleinsert|sqldbc/blobsingleinsert
sqldbc/canceltest|sqldbc/canceltest
sqldbc/commandinfo|sqldbc/commandinfo
sqldbc/conProp|sqldbc/conProp
sqldbc/connecttest|sqldbc/connecttest
sqldbc/convertUCS2|sqldbc/convertUCS2
sqldbc/dataexecute|sqldbc/dataexecute
sqldbc/datatrunc|sqldbc/datatrunc
sqldbc/droptables|sqldbc/droptables
sqldbc/emptystring|sqldbc/emptystring
sqldbc/errorCheck|sqldbc/errorCheck
sqldbc/getobject|sqldbc/getobject
sqldbc/getrow|sqldbc/getrow
sqldbc/helloWorld|sqldbc/helloWorld
sqldbc/illegalparam|sqldbc/illegalparam
sqldbc/invdata|sqldbc/invdata
sqldbc/lastserial|sqldbc/lastserial
sqldbc/lcsqldbctest|sqldbc/lcsqldbctest
sqldbc/loblocatortest|sqldbc/loblocatortest
sqldbc/lobposition|sqldbc/lobposition
sqldbc/lobselectinto|sqldbc/lobselectinto
sqldbc/lobtypestest|sqldbc/lobtypestest
sqldbc/longmix|sqldbc/longmix
sqldbc/mttest|sqldbc/mttest
sqldbc/multiplefetch|sqldbc/multiplefetch
sqldbc/odbcbinhex|sqldbc/odbcbinhex
sqldbc/oranull|sqldbc/oranull
sqldbc/paramtypes|sqldbc/paramtypes
sqldbc/piecewise|sqldbc/piecewise
sqldbc/prepstmtmetadata|sqldbc/prepstmtmetadata
sqldbc/PreparedStatement|sqldbc/PreparedStatement
sqldbc/pspytest|sqldbc/pspytest
sqldbc/ptsmisc|sqldbc/ptsmisc
sqldbc/resultSetBindColumn|sqldbc/resultSetBindColumn
sqldbc/resultSetGetObject|sqldbc/resultSetGetObject
sqldbc/resultsetmetadata|sqldbc/resultsetmetadata
sqldbc/rowsaffected|sqldbc/rowsaffected
sqldbc/rowsetnav|sqldbc/rowsetnav
sqldbc/signalaction|sqldbc/signalaction
sqldbc/typesCheck|sqldbc/typesCheck
sqldbc/typesindicator|sqldbc/typesindicator
sqldbc/typestest|sqldbc/typestest
sqldbc/typestestunicode|sqldbc/typestestunicode
sqldbc/unterm|sqldbc/unterm
sqldbc/upddelete|sqldbc/upddelete
sqldbc/updinsert|sqldbc/updinsert
sqldbc/updupdate|sqldbc/updupdate
sqldbc/samples/HelloWorld|sqldbc/samples/HelloWorld
sqldbc/samples/simpleUCS2|sqldbc/samples/simpleUCS2
sqldbc/sqlmode|sqldbc/sqlmode
&endif
# Protocol files (Platform independent)
sqldbc/ifr_cons_bare.prt|sqldbc/ifr_cons_bare.prt
