../obj/libptc/Version.o
../obj/libptc/sql__1r.o
../obj/libptc/sql__atan.o
../obj/libptc/sql__ca.o
../obj/libptc/sql__caseerr.o
../obj/libptc/sql__catchae.o
../obj/libptc/sql__ckl.o
../obj/libptc/sql__clock.o
../obj/libptc/sql__close.o
../obj/libptc/sql__closea.o
../obj/libptc/sql__closep.o
../obj/libptc/sql__compare.o
../obj/libptc/sql__cos.o
../obj/libptc/sql__date.o
../obj/libptc/sql__del.o
../obj/libptc/sql__dfn.o
../obj/libptc/sql__dispse.o
../obj/libptc/sql__endof.o
../obj/libptc/sql__endol.o
../obj/libptc/sql__env.o
../obj/libptc/sql__er.o
../obj/libptc/sql__erq.o
../obj/libptc/sql__exit.o
../obj/libptc/sql__exp.o
../obj/libptc/sql__expp.o
../obj/libptc/sql__fflush.o
../obj/libptc/sql__flp.o
../obj/libptc/sql__ger.o
../obj/libptc/sql__get.o
../obj/libptc/sql__gn.o
../obj/libptc/sql__goto.o
../obj/libptc/sql__gtl.o
../obj/libptc/sql__ic.o
../obj/libptc/sql__intr.o
../obj/libptc/sql__lel.o
../obj/libptc/sql__lexe.o
../obj/libptc/sql__ln.o
../obj/libptc/sql__lor.o
../obj/libptc/sql__ltl.o
../obj/libptc/sql__max.o
../obj/libptc/sql__multi.o
../obj/libptc/sql__new.o
../obj/libptc/sql__nil.o
../obj/libptc/sql__nlf.o
../obj/libptc/sql__nname.o
../obj/libptc/sql__npa.o
../obj/libptc/sql__nre.o
../obj/libptc/sql__pack.o
../obj/libptc/sql__pcnst.o
../obj/libptc/sql__peer.o
../obj/libptc/sql__perrorp.o
../obj/libptc/sql__pmain.o
../obj/libptc/sql__pr.o
../obj/libptc/sql__pred.o
../obj/libptc/sql__psetadd.o
../obj/libptc/sql__psetco.o
../obj/libptc/sql__psetge.o
../obj/libptc/sql__psetgt.o
../obj/libptc/sql__psetle.o
../obj/libptc/sql__psetlt.o
../obj/libptc/sql__psetm.o
../obj/libptc/sql__pstrcat.o
../obj/libptc/sql__pstrcom.o
../obj/libptc/sql__pstrcpy.o
../obj/libptc/sql__put.o
../obj/libptc/sql__pvars.o
../obj/libptc/sql__rd.o
../obj/libptc/sql__readln.o
../obj/libptc/sql__reset.o
../obj/libptc/sql__rewrite.o
../obj/libptc/sql__rgv.o
../obj/libptc/sql__round.o
../obj/libptc/sql__scnst.o
../obj/libptc/sql__setadd.o
../obj/libptc/sql__setco.o
../obj/libptc/sql__setmin.o
../obj/libptc/sql__setrang.o
../obj/libptc/sql__setsub.o
../obj/libptc/sql__sin.o
../obj/libptc/sql__sqrt.o
../obj/libptc/sql__srand.o
../obj/libptc/sql__stopp.o
../obj/libptc/sql__strlen.o
../obj/libptc/sql__succ.o
../obj/libptc/sql__sync.o
../obj/libptc/sql__time.o
../obj/libptc/sql__trunc.o
../obj/libptc/sql__ucmp.o
../obj/libptc/sql__uncs.o
../obj/libptc/sql__unget.o
../obj/libptc/sql__unpack.o
../obj/libptc/sql__ut.o
../obj/libptc/sql__writeln.o
