../obj/SAPDB/Interfaces/Runtime/Conversion/IFRConversion_Converter.o
../obj/SAPDB/Interfaces/Runtime/Conversion/IFRConversion_Factory.o
../obj/SAPDB/Interfaces/Runtime/Conversion/IFRConversion_ByteCharDataConverter.o
../obj/SAPDB/Interfaces/Runtime/Conversion/IFRConversion_CharAsciiConverter.o
../obj/SAPDB/Interfaces/Runtime/Conversion/IFRConversion_VarcharAsciiConverter.o
../obj/SAPDB/Interfaces/Runtime/Conversion/IFRConversion_CharUCS2Converter.o
../obj/SAPDB/Interfaces/Runtime/Conversion/IFRConversion_VarcharUCS2Converter.o
../obj/SAPDB/Interfaces/Runtime/Conversion/IFRConversion_CharByteConverter.o
../obj/SAPDB/Interfaces/Runtime/Conversion/IFRConversion_VarcharByteConverter.o
../obj/SAPDB/Interfaces/Runtime/Conversion/IFRConversion_NumericConverter.o
../obj/SAPDB/Interfaces/Runtime/Conversion/IFRConversion_DateConverter.o
../obj/SAPDB/Interfaces/Runtime/Conversion/IFRConversion_TimeConverter.o
../obj/SAPDB/Interfaces/Runtime/Conversion/IFRConversion_DateTimeConverter.o
../obj/SAPDB/Interfaces/Runtime/Conversion/IFRConversion_BooleanConverter.o
../obj/SAPDB/Interfaces/Runtime/Conversion/IFRConversion_StreamConverter.o
../obj/SAPDB/Interfaces/Runtime/Conversion/IFRConversion_ABAPStreamConverter.o
../obj/SAPDB/Interfaces/Runtime/Conversion/IFRConversion_Putval.o
../obj/SAPDB/Interfaces/Runtime/Conversion/IFRConversion_Getval.o
../obj/SAPDB/Interfaces/Runtime/Packet/IFRPacket_RequestPacket.o
../obj/SAPDB/Interfaces/Runtime/Packet/IFRPacket_ReplyPacket.o
../obj/SAPDB/Interfaces/Runtime/Packet/IFRPacket_Segment.o
../obj/SAPDB/Interfaces/Runtime/Packet/IFRPacket_ReplySegment.o
../obj/SAPDB/Interfaces/Runtime/Packet/IFRPacket_RequestSegment.o
../obj/SAPDB/Interfaces/Runtime/Packet/IFRPacket_Part.o
../obj/SAPDB/Interfaces/Runtime/Util/IFRUtil_VDNNumber.o
../obj/SAPDB/Interfaces/Runtime/IFR_Connection.o
../obj/SAPDB/Interfaces/Runtime/IFR_Environment.o
../obj/SAPDB/Interfaces/Runtime/IFR_ParseInfo.o
../obj/SAPDB/Interfaces/Runtime/IFR_ResultSet.o
../obj/SAPDB/Interfaces/Runtime/IFR_RowSet.o
../obj/SAPDB/Interfaces/Runtime/IFR_UpdatableRowSet.o
../obj/SAPDB/Interfaces/Runtime/IFR_Statement.o
../obj/SAPDB/Interfaces/Runtime/IFR_PreparedStmt.o
../obj/SAPDB/Interfaces/Runtime/IFR_String.o
../obj/SAPDB/Interfaces/Runtime/IFR_ErrorHndl.o
../obj/SAPDB/Interfaces/Runtime/Packet/IFRPacket_PartEnum.o
../obj/SAPDB/Interfaces/Runtime/IFR_FetchInfo.o
../obj/SAPDB/Interfaces/Runtime/IFR_FetchChunk.o
../obj/SAPDB/Interfaces/Runtime/Packet/IFRPacket_FunctionCode.o
../obj/SAPDB/Interfaces/Runtime/IFR_Datatypes.o
../obj/SAPDB/Interfaces/Runtime/IFR_Parameter.o
../obj/SAPDB/Interfaces/Runtime/IFR_ConnectionItem.o
../obj/SAPDB/Interfaces/Runtime/IFR_SQLWarning.o
../obj/SAPDB/Interfaces/Runtime/IFR_ShortInfo.o
../obj/SAPDB/Interfaces/Runtime/IFR_ConnectProperties.o
../obj/SAPDB/Interfaces/Runtime/Util/IFRUtil_UniqueID.o
../obj/SAPDB/Interfaces/Runtime/Util/IFRUtil_AsyncOperation.o
../obj/SAPDB/Interfaces/Runtime/Packet/IFRPacket_Lock.o
../obj/SAPDB/Interfaces/Runtime/Conversion/IFRConversion_UCS2CharDataConverter.o
../obj/SAPDB/Interfaces/Runtime/Conversion/IFRConversion_TimeUCS2Converter.o
../obj/SAPDB/Interfaces/Runtime/Conversion/IFRConversion_DateTimeUCS2Converter.o
../obj/SAPDB/Interfaces/Runtime/Conversion/IFRConversion_DateUCS2Converter.o
../obj/SAPDB/Interfaces/Runtime/IFR_ParseInfoCache.o
../obj/SAPDB/Interfaces/Runtime/IFR_LOB.o
../obj/SAPDB/Interfaces/Runtime/IFR_LOBHost.o
../obj/SAPDB/Interfaces/Runtime/IFR_Profile.o
../obj/SAPDB/Interfaces/Runtime/IFR_Trace.o
../obj/SAPDB/Interfaces/Runtime/Packet/IFRPacket_LongDescriptor.o
../obj/SAPDB/Interfaces/Runtime/Util/IFRUtil_SQLNumeric.o
../obj/SAPDB/Interfaces/Runtime/IFR_TraceContext.o
../obj/SAPDB/Interfaces/Runtime/Util/IFRUtil_Time.o
../obj/SAPDB/Interfaces/Runtime/Util/IFRUtil_BinaryToHex.o
../obj/SAPDB/Interfaces/Runtime/Util/IFRUtil_TraceSharedMemory.o
