../obj/SAPDB/SAPDBCommon/SAPDB_ToString.o
../obj/SAPDB/SAPDBCommon/SAPDB_UTF8Basis.o
../obj/SAPDB/SAPDBCommon/SAPDB_OStream.o
../obj/SAPDB/SAPDBCommon/SAPDB_MemCopyMove.o
../obj/SAPDB/SAPDBCommon/Algorithms/SAPDBAlgo_Test.o
../obj/SAPDB/SAPDBCommon/MemoryManagement/SAPDBMem_BuddyAllocator.o
../obj/SAPDB/SAPDBCommon/MemoryManagement/SAPDBMem_DefaultRawAllocator.o
../obj/SAPDB/SAPDBCommon/MemoryManagement/SAPDBMem_RawAllocator.o
../obj/SAPDB/SAPDBCommon/MemoryManagement/SAPDBMem_IncrementalBufferAllocator.o
../obj/SAPDB/SAPDBCommon/MemoryManagement/SAPDBMem_IncrementalRawAllocator.o
../obj/SAPDB/SAPDBCommon/MemoryManagement/SAPDBMem_PageAllocator.o
../obj/SAPDB/SAPDBCommon/Fields/SAPDBFields_IncrementalMemorySequence.o
../obj/SAPDB/SAPDBCommon/Tracing/SAPDBTrace_FileTrace.o
../obj/SAPDB/SAPDBCommon/Tracing/SAPDBTrace_MethodBrace.o
../obj/SAPDB/SAPDBCommon/Tracing/SAPDBTrace_Stream.o
../obj/SAPDB/SAPDBCommon/Tracing/SAPDBTrace_Topic.o
../obj/SAPDB/SAPDBCommon/Tracing/SAPDBTrace_Streaming.o
../obj/SAPDB/SAPDBCommon/SAPDB_ArgumentParser.o
../obj/SAPDB/SAPDBCommon/SAPDB_StandardArgumentParser.o
