#  @(#)loadertest.lst  
#
#
#
#
#    ========== licence begin  GPL
#    Copyright (c) 2000-2004 SAP AG
#
#    This program is free software; you can redistribute it and/or
#    modify it under the terms of the GNU General Public License
#    as published by the Free Software Foundation; either version 2
#    of the License, or (at your option) any later version.
#
#    This program is distributed in the hope that it will be useful,
#    but WITHOUT ANY WARRANTY; without even the implied warranty of
#    MERCHANTABILITY or FITNESS FOR A PARTICULAR PURPOSE.  See the
#    GNU General Public License for more details.
#
#    You should have received a copy of the GNU General Public License
#    along with this program; if not, write to the Free Software
#    Foundation, Inc., 59 Temple Place - Suite 330, Boston, MA  02111-1307, USA.
#    ========== licence end
#

# test/sdb/dbm/demo/ 
 sdb/dbm/demo/installdb.py     |sdb/dbm/demo/installdb.py
# test/sdb/dav/demo/
 sdb/dav/demo/import.py        |sdb/dav/demo/import.py
 sdb/dav/test/davlib.py        |sdb/dav/test/davlib.py
 sdb/dav/test/qp_xml.py        |sdb/dav/test/qp_xml.py
 sdb/dav/test/test_dav.py      |sdb/dav/test/test_dav.py
# test/sdb/loader/demo/
 sdb/loader/test/test_re.py    |sdb/loader/test/test_re.py
 sdb/loader/test/test_csv.py   |sdb/loader/test/test_csv.py
 sdb/loader/test/test_loader.py|sdb/loader/test/test_loader.py
 sdb/loader/test/transport.cfg |sdb/loader/test/transport.cfg
 sdb/loader/test/transport.par |sdb/loader/test/transport.par
 sdb/loader/demo/import.py     |sdb/loader/demo/import.py
 sdb/loader/demo/sourcedb/SOURCEDB.ddl|sdb/loader/demo/sourcedb/SOURCEDB.ddl
 sdb/loader/demo/sourcedb/SOURCEDB.xml|sdb/loader/demo/sourcedb/SOURCEDB.xml
 sdb/loader/demo/sourcedb/DAV/SOURCEDB_DAV.xml|sdb/loader/demo/sourcedb/DAV/SOURCEDB_DAV.xml
 sdb/loader/demo/sourcedb/EDEMO/SOURCEDB_EDEMO.xml|sdb/loader/demo/sourcedb/EDEMO/SOURCEDB_EDEMO.xml
 sdb/loader/demo/sourcedb/EDEMO/CATEGORIES/EDEMO_CATEGORIES.data|sdb/loader/demo/sourcedb/EDEMO/CATEGORIES/EDEMO_CATEGORIES.data
 sdb/loader/demo/sourcedb/EDEMO/CATEGORIES/EDEMO_CATEGORIES.dtl|sdb/loader/demo/sourcedb/EDEMO/CATEGORIES/EDEMO_CATEGORIES.dtl
 sdb/loader/demo/sourcedb/EDEMO/CATEGORIES/EDEMO_CATEGORIES.xml|sdb/loader/demo/sourcedb/EDEMO/CATEGORIES/EDEMO_CATEGORIES.xml
 sdb/loader/demo/sourcedb/EDEMO/CATEGORIES/EDEMO_CATEGORIES_DESCRIPTION.long001|sdb/loader/demo/sourcedb/EDEMO/CATEGORIES/EDEMO_CATEGORIES_DESCRIPTION.long001
 sdb/loader/demo/sourcedb/EDEMO/CATEGORIES/EDEMO_CATEGORIES_DESCRIPTION.long002|sdb/loader/demo/sourcedb/EDEMO/CATEGORIES/EDEMO_CATEGORIES_DESCRIPTION.long002
 sdb/loader/demo/sourcedb/EDEMO/CATEGORIES/EDEMO_CATEGORIES_DESCRIPTION.long003|sdb/loader/demo/sourcedb/EDEMO/CATEGORIES/EDEMO_CATEGORIES_DESCRIPTION.long003
 sdb/loader/demo/sourcedb/EDEMO/CATEGORIES/EDEMO_CATEGORIES_DESCRIPTION.long004|sdb/loader/demo/sourcedb/EDEMO/CATEGORIES/EDEMO_CATEGORIES_DESCRIPTION.long004
 sdb/loader/demo/sourcedb/EDEMO/CATEGORIES/EDEMO_CATEGORIES_DESCRIPTION.long005|sdb/loader/demo/sourcedb/EDEMO/CATEGORIES/EDEMO_CATEGORIES_DESCRIPTION.long005
 sdb/loader/demo/sourcedb/EDEMO/CATEGORIES/EDEMO_CATEGORIES_DESCRIPTION.long006|sdb/loader/demo/sourcedb/EDEMO/CATEGORIES/EDEMO_CATEGORIES_DESCRIPTION.long006
 sdb/loader/demo/sourcedb/EDEMO/CATEGORIES/EDEMO_CATEGORIES_DESCRIPTION.long007|sdb/loader/demo/sourcedb/EDEMO/CATEGORIES/EDEMO_CATEGORIES_DESCRIPTION.long007
 sdb/loader/demo/sourcedb/EDEMO/CATEGORIES/EDEMO_CATEGORIES_DESCRIPTION.long008|sdb/loader/demo/sourcedb/EDEMO/CATEGORIES/EDEMO_CATEGORIES_DESCRIPTION.long008
 sdb/loader/demo/sourcedb/EDEMO/CATEGORIES/EDEMO_CATEGORIES_PICTURE.long001|sdb/loader/demo/sourcedb/EDEMO/CATEGORIES/EDEMO_CATEGORIES_PICTURE.long001
 sdb/loader/demo/sourcedb/EDEMO/CATEGORIES/EDEMO_CATEGORIES_PICTURE.long002|sdb/loader/demo/sourcedb/EDEMO/CATEGORIES/EDEMO_CATEGORIES_PICTURE.long002
 sdb/loader/demo/sourcedb/EDEMO/CATEGORIES/EDEMO_CATEGORIES_PICTURE.long003|sdb/loader/demo/sourcedb/EDEMO/CATEGORIES/EDEMO_CATEGORIES_PICTURE.long003
 sdb/loader/demo/sourcedb/EDEMO/CATEGORIES/EDEMO_CATEGORIES_PICTURE.long004|sdb/loader/demo/sourcedb/EDEMO/CATEGORIES/EDEMO_CATEGORIES_PICTURE.long004
 sdb/loader/demo/sourcedb/EDEMO/CATEGORIES/EDEMO_CATEGORIES_PICTURE.long005|sdb/loader/demo/sourcedb/EDEMO/CATEGORIES/EDEMO_CATEGORIES_PICTURE.long005
 sdb/loader/demo/sourcedb/EDEMO/CATEGORIES/EDEMO_CATEGORIES_PICTURE.long006|sdb/loader/demo/sourcedb/EDEMO/CATEGORIES/EDEMO_CATEGORIES_PICTURE.long006
 sdb/loader/demo/sourcedb/EDEMO/CATEGORIES/EDEMO_CATEGORIES_PICTURE.long007|sdb/loader/demo/sourcedb/EDEMO/CATEGORIES/EDEMO_CATEGORIES_PICTURE.long007
 sdb/loader/demo/sourcedb/EDEMO/CATEGORIES/EDEMO_CATEGORIES_PICTURE.long008|sdb/loader/demo/sourcedb/EDEMO/CATEGORIES/EDEMO_CATEGORIES_PICTURE.long008
 sdb/loader/demo/sourcedb/EDEMO/CATEGORIES_A/EDEMO_CATEGORIES_A.data|sdb/loader/demo/sourcedb/EDEMO/CATEGORIES_A/EDEMO_CATEGORIES_A.data
 sdb/loader/demo/sourcedb/EDEMO/CATEGORIES_A/EDEMO_CATEGORIES_A.dtl|sdb/loader/demo/sourcedb/EDEMO/CATEGORIES_A/EDEMO_CATEGORIES_A.dtl
 sdb/loader/demo/sourcedb/EDEMO/CATEGORIES_A/EDEMO_CATEGORIES_A.xml|sdb/loader/demo/sourcedb/EDEMO/CATEGORIES_A/EDEMO_CATEGORIES_A.xml
 sdb/loader/demo/sourcedb/EDEMO/CATEGORIES_A/EDEMO_CATEGORIES_A_DESCRIPTION.long001|sdb/loader/demo/sourcedb/EDEMO/CATEGORIES_A/EDEMO_CATEGORIES_A_DESCRIPTION.long001
 sdb/loader/demo/sourcedb/EDEMO/CATEGORIES_A/EDEMO_CATEGORIES_A_DESCRIPTION.long002|sdb/loader/demo/sourcedb/EDEMO/CATEGORIES_A/EDEMO_CATEGORIES_A_DESCRIPTION.long002
 sdb/loader/demo/sourcedb/EDEMO/CATEGORIES_A/EDEMO_CATEGORIES_A_DESCRIPTION.long003|sdb/loader/demo/sourcedb/EDEMO/CATEGORIES_A/EDEMO_CATEGORIES_A_DESCRIPTION.long003
 sdb/loader/demo/sourcedb/EDEMO/CATEGORIES_A/EDEMO_CATEGORIES_A_DESCRIPTION.long004|sdb/loader/demo/sourcedb/EDEMO/CATEGORIES_A/EDEMO_CATEGORIES_A_DESCRIPTION.long004
 sdb/loader/demo/sourcedb/EDEMO/CATEGORIES_A/EDEMO_CATEGORIES_A_DESCRIPTION.long005|sdb/loader/demo/sourcedb/EDEMO/CATEGORIES_A/EDEMO_CATEGORIES_A_DESCRIPTION.long005
 sdb/loader/demo/sourcedb/EDEMO/CATEGORIES_A/EDEMO_CATEGORIES_A_DESCRIPTION.long006|sdb/loader/demo/sourcedb/EDEMO/CATEGORIES_A/EDEMO_CATEGORIES_A_DESCRIPTION.long006
 sdb/loader/demo/sourcedb/EDEMO/CATEGORIES_A/EDEMO_CATEGORIES_A_DESCRIPTION.long007|sdb/loader/demo/sourcedb/EDEMO/CATEGORIES_A/EDEMO_CATEGORIES_A_DESCRIPTION.long007
 sdb/loader/demo/sourcedb/EDEMO/CATEGORIES_A/EDEMO_CATEGORIES_A_DESCRIPTION.long008|sdb/loader/demo/sourcedb/EDEMO/CATEGORIES_A/EDEMO_CATEGORIES_A_DESCRIPTION.long008
 sdb/loader/demo/sourcedb/EDEMO/CATEGORIES_A/EDEMO_CATEGORIES_A_PICTURE.long001|sdb/loader/demo/sourcedb/EDEMO/CATEGORIES_A/EDEMO_CATEGORIES_A_PICTURE.long001
 sdb/loader/demo/sourcedb/EDEMO/CATEGORIES_A/EDEMO_CATEGORIES_A_PICTURE.long002|sdb/loader/demo/sourcedb/EDEMO/CATEGORIES_A/EDEMO_CATEGORIES_A_PICTURE.long002
 sdb/loader/demo/sourcedb/EDEMO/CATEGORIES_A/EDEMO_CATEGORIES_A_PICTURE.long003|sdb/loader/demo/sourcedb/EDEMO/CATEGORIES_A/EDEMO_CATEGORIES_A_PICTURE.long003
 sdb/loader/demo/sourcedb/EDEMO/CATEGORIES_A/EDEMO_CATEGORIES_A_PICTURE.long004|sdb/loader/demo/sourcedb/EDEMO/CATEGORIES_A/EDEMO_CATEGORIES_A_PICTURE.long004
 sdb/loader/demo/sourcedb/EDEMO/CATEGORIES_A/EDEMO_CATEGORIES_A_PICTURE.long005|sdb/loader/demo/sourcedb/EDEMO/CATEGORIES_A/EDEMO_CATEGORIES_A_PICTURE.long005
 sdb/loader/demo/sourcedb/EDEMO/CATEGORIES_A/EDEMO_CATEGORIES_A_PICTURE.long006|sdb/loader/demo/sourcedb/EDEMO/CATEGORIES_A/EDEMO_CATEGORIES_A_PICTURE.long006
 sdb/loader/demo/sourcedb/EDEMO/CATEGORIES_A/EDEMO_CATEGORIES_A_PICTURE.long007|sdb/loader/demo/sourcedb/EDEMO/CATEGORIES_A/EDEMO_CATEGORIES_A_PICTURE.long007
 sdb/loader/demo/sourcedb/EDEMO/CATEGORIES_A/EDEMO_CATEGORIES_A_PICTURE.long008|sdb/loader/demo/sourcedb/EDEMO/CATEGORIES_A/EDEMO_CATEGORIES_A_PICTURE.long008
 sdb/loader/demo/sourcedb/EDEMO/CUSTOMERS/EDEMO_CUSTOMERS.data|sdb/loader/demo/sourcedb/EDEMO/CUSTOMERS/EDEMO_CUSTOMERS.data
 sdb/loader/demo/sourcedb/EDEMO/CUSTOMERS/EDEMO_CUSTOMERS.dtl|sdb/loader/demo/sourcedb/EDEMO/CUSTOMERS/EDEMO_CUSTOMERS.dtl
 sdb/loader/demo/sourcedb/EDEMO/CUSTOMERS/EDEMO_CUSTOMERS.xml|sdb/loader/demo/sourcedb/EDEMO/CUSTOMERS/EDEMO_CUSTOMERS.xml
 sdb/loader/demo/sourcedb/EDEMO/EMPLOYEES/EDEMO_EMPLOYEES.data|sdb/loader/demo/sourcedb/EDEMO/EMPLOYEES/EDEMO_EMPLOYEES.data
 sdb/loader/demo/sourcedb/EDEMO/EMPLOYEES/EDEMO_EMPLOYEES.dtl|sdb/loader/demo/sourcedb/EDEMO/EMPLOYEES/EDEMO_EMPLOYEES.dtl
 sdb/loader/demo/sourcedb/EDEMO/EMPLOYEES/EDEMO_EMPLOYEES.xml|sdb/loader/demo/sourcedb/EDEMO/EMPLOYEES/EDEMO_EMPLOYEES.xml
 sdb/loader/demo/sourcedb/EDEMO/EMPLOYEES/EDEMO_EMPLOYEES_NOTES.long|sdb/loader/demo/sourcedb/EDEMO/EMPLOYEES/EDEMO_EMPLOYEES_NOTES.long
 sdb/loader/demo/sourcedb/EDEMO/EMPLOYEES/EDEMO_EMPLOYEES_NOTES.long001|sdb/loader/demo/sourcedb/EDEMO/EMPLOYEES/EDEMO_EMPLOYEES_NOTES.long001
 sdb/loader/demo/sourcedb/EDEMO/EMPLOYEES/EDEMO_EMPLOYEES_NOTES.long002|sdb/loader/demo/sourcedb/EDEMO/EMPLOYEES/EDEMO_EMPLOYEES_NOTES.long002
 sdb/loader/demo/sourcedb/EDEMO/EMPLOYEES/EDEMO_EMPLOYEES_NOTES.long003|sdb/loader/demo/sourcedb/EDEMO/EMPLOYEES/EDEMO_EMPLOYEES_NOTES.long003
 sdb/loader/demo/sourcedb/EDEMO/EMPLOYEES/EDEMO_EMPLOYEES_NOTES.long004|sdb/loader/demo/sourcedb/EDEMO/EMPLOYEES/EDEMO_EMPLOYEES_NOTES.long004
 sdb/loader/demo/sourcedb/EDEMO/EMPLOYEES/EDEMO_EMPLOYEES_NOTES.long005|sdb/loader/demo/sourcedb/EDEMO/EMPLOYEES/EDEMO_EMPLOYEES_NOTES.long005
 sdb/loader/demo/sourcedb/EDEMO/EMPLOYEES/EDEMO_EMPLOYEES_NOTES.long006|sdb/loader/demo/sourcedb/EDEMO/EMPLOYEES/EDEMO_EMPLOYEES_NOTES.long006
 sdb/loader/demo/sourcedb/EDEMO/EMPLOYEES/EDEMO_EMPLOYEES_NOTES.long007|sdb/loader/demo/sourcedb/EDEMO/EMPLOYEES/EDEMO_EMPLOYEES_NOTES.long007
 sdb/loader/demo/sourcedb/EDEMO/EMPLOYEES/EDEMO_EMPLOYEES_NOTES.long008|sdb/loader/demo/sourcedb/EDEMO/EMPLOYEES/EDEMO_EMPLOYEES_NOTES.long008
 sdb/loader/demo/sourcedb/EDEMO/EMPLOYEES/EDEMO_EMPLOYEES_NOTES.long009|sdb/loader/demo/sourcedb/EDEMO/EMPLOYEES/EDEMO_EMPLOYEES_NOTES.long009
 sdb/loader/demo/sourcedb/EDEMO/EMPLOYEES/EDEMO_EMPLOYEES_NOTES.long010|sdb/loader/demo/sourcedb/EDEMO/EMPLOYEES/EDEMO_EMPLOYEES_NOTES.long010
 sdb/loader/demo/sourcedb/EDEMO/EMPLOYEES/EDEMO_EMPLOYEES_NOTES.long011|sdb/loader/demo/sourcedb/EDEMO/EMPLOYEES/EDEMO_EMPLOYEES_NOTES.long011
 sdb/loader/demo/sourcedb/EDEMO/EMPLOYEES/EDEMO_EMPLOYEES_NOTES.long012|sdb/loader/demo/sourcedb/EDEMO/EMPLOYEES/EDEMO_EMPLOYEES_NOTES.long012
 sdb/loader/demo/sourcedb/EDEMO/EMPLOYEES/EDEMO_EMPLOYEES_NOTES.long013|sdb/loader/demo/sourcedb/EDEMO/EMPLOYEES/EDEMO_EMPLOYEES_NOTES.long013
 sdb/loader/demo/sourcedb/EDEMO/EMPLOYEES/EDEMO_EMPLOYEES_NOTES.long014|sdb/loader/demo/sourcedb/EDEMO/EMPLOYEES/EDEMO_EMPLOYEES_NOTES.long014
 sdb/loader/demo/sourcedb/EDEMO/EMPLOYEES/EDEMO_EMPLOYEES_NOTES.long015|sdb/loader/demo/sourcedb/EDEMO/EMPLOYEES/EDEMO_EMPLOYEES_NOTES.long015
 sdb/loader/demo/sourcedb/EDEMO/EMPLOYEES/EDEMO_EMPLOYEES_PHOTO.long|sdb/loader/demo/sourcedb/EDEMO/EMPLOYEES/EDEMO_EMPLOYEES_PHOTO.long
 sdb/loader/demo/sourcedb/EDEMO/EMPLOYEES/EDEMO_EMPLOYEES_PHOTO.long001|sdb/loader/demo/sourcedb/EDEMO/EMPLOYEES/EDEMO_EMPLOYEES_PHOTO.long001
 sdb/loader/demo/sourcedb/EDEMO/EMPLOYEES/EDEMO_EMPLOYEES_PHOTO.long002|sdb/loader/demo/sourcedb/EDEMO/EMPLOYEES/EDEMO_EMPLOYEES_PHOTO.long002
 sdb/loader/demo/sourcedb/EDEMO/EMPLOYEES/EDEMO_EMPLOYEES_PHOTO.long003|sdb/loader/demo/sourcedb/EDEMO/EMPLOYEES/EDEMO_EMPLOYEES_PHOTO.long003
 sdb/loader/demo/sourcedb/EDEMO/EMPLOYEES/EDEMO_EMPLOYEES_PHOTO.long004|sdb/loader/demo/sourcedb/EDEMO/EMPLOYEES/EDEMO_EMPLOYEES_PHOTO.long004
 sdb/loader/demo/sourcedb/EDEMO/EMPLOYEES/EDEMO_EMPLOYEES_PHOTO.long005|sdb/loader/demo/sourcedb/EDEMO/EMPLOYEES/EDEMO_EMPLOYEES_PHOTO.long005
 sdb/loader/demo/sourcedb/EDEMO/EMPLOYEES/EDEMO_EMPLOYEES_PHOTO.long006|sdb/loader/demo/sourcedb/EDEMO/EMPLOYEES/EDEMO_EMPLOYEES_PHOTO.long006
 sdb/loader/demo/sourcedb/EDEMO/EMPLOYEES/EDEMO_EMPLOYEES_PHOTO.long007|sdb/loader/demo/sourcedb/EDEMO/EMPLOYEES/EDEMO_EMPLOYEES_PHOTO.long007
 sdb/loader/demo/sourcedb/EDEMO/EMPLOYEES/EDEMO_EMPLOYEES_PHOTO.long008|sdb/loader/demo/sourcedb/EDEMO/EMPLOYEES/EDEMO_EMPLOYEES_PHOTO.long008
 sdb/loader/demo/sourcedb/EDEMO/EMPLOYEES/EDEMO_EMPLOYEES_PHOTO.long009|sdb/loader/demo/sourcedb/EDEMO/EMPLOYEES/EDEMO_EMPLOYEES_PHOTO.long009
 sdb/loader/demo/sourcedb/EDEMO/EMPLOYEES/EDEMO_EMPLOYEES_PHOTO.long010|sdb/loader/demo/sourcedb/EDEMO/EMPLOYEES/EDEMO_EMPLOYEES_PHOTO.long010
 sdb/loader/demo/sourcedb/EDEMO/EMPLOYEES/EDEMO_EMPLOYEES_PHOTO.long011|sdb/loader/demo/sourcedb/EDEMO/EMPLOYEES/EDEMO_EMPLOYEES_PHOTO.long011
 sdb/loader/demo/sourcedb/EDEMO/EMPLOYEES/EDEMO_EMPLOYEES_PHOTO.long012|sdb/loader/demo/sourcedb/EDEMO/EMPLOYEES/EDEMO_EMPLOYEES_PHOTO.long012
 sdb/loader/demo/sourcedb/EDEMO/EMPLOYEES/EDEMO_EMPLOYEES_PHOTO.long013|sdb/loader/demo/sourcedb/EDEMO/EMPLOYEES/EDEMO_EMPLOYEES_PHOTO.long013
 sdb/loader/demo/sourcedb/EDEMO/EMPLOYEES/EDEMO_EMPLOYEES_PHOTO.long014|sdb/loader/demo/sourcedb/EDEMO/EMPLOYEES/EDEMO_EMPLOYEES_PHOTO.long014
 sdb/loader/demo/sourcedb/EDEMO/EMPLOYEES/EDEMO_EMPLOYEES_PHOTO.long015|sdb/loader/demo/sourcedb/EDEMO/EMPLOYEES/EDEMO_EMPLOYEES_PHOTO.long015
 sdb/loader/demo/sourcedb/EDEMO/NL_TEST/EDEMO_NL_TEST.data|sdb/loader/demo/sourcedb/EDEMO/NL_TEST/EDEMO_NL_TEST.data
 sdb/loader/demo/sourcedb/EDEMO/ORDERDETAILS/EDEMO_ORDERDETAILS.data|sdb/loader/demo/sourcedb/EDEMO/ORDERDETAILS/EDEMO_ORDERDETAILS.data
 sdb/loader/demo/sourcedb/EDEMO/ORDERDETAILS/EDEMO_ORDERDETAILS.dtl|sdb/loader/demo/sourcedb/EDEMO/ORDERDETAILS/EDEMO_ORDERDETAILS.dtl
 sdb/loader/demo/sourcedb/EDEMO/ORDERDETAILS/EDEMO_ORDERDETAILS.xml|sdb/loader/demo/sourcedb/EDEMO/ORDERDETAILS/EDEMO_ORDERDETAILS.xml
 sdb/loader/demo/sourcedb/EDEMO/ORDERDETAILS/_EDEMO_ORDERDETAILS.data|sdb/loader/demo/sourcedb/EDEMO/ORDERDETAILS/_EDEMO_ORDERDETAILS.data
 sdb/loader/demo/sourcedb/EDEMO/ORDERS/EDEMO_ORDERS.data|sdb/loader/demo/sourcedb/EDEMO/ORDERS/EDEMO_ORDERS.data
 sdb/loader/demo/sourcedb/EDEMO/ORDERS/EDEMO_ORDERS.dtl|sdb/loader/demo/sourcedb/EDEMO/ORDERS/EDEMO_ORDERS.dtl
 sdb/loader/demo/sourcedb/EDEMO/ORDERS/EDEMO_ORDERS.xml|sdb/loader/demo/sourcedb/EDEMO/ORDERS/EDEMO_ORDERS.xml
 sdb/loader/demo/sourcedb/EDEMO/ORDERS/_EDEMO_ORDERS.data|sdb/loader/demo/sourcedb/EDEMO/ORDERS/_EDEMO_ORDERS.data
 sdb/loader/demo/sourcedb/EDEMO/PHOTOS/EDEMO_PHOTOS.data|sdb/loader/demo/sourcedb/EDEMO/PHOTOS/EDEMO_PHOTOS.data
 sdb/loader/demo/sourcedb/EDEMO/PHOTOS/EDEMO_PHOTOS.dtl|sdb/loader/demo/sourcedb/EDEMO/PHOTOS/EDEMO_PHOTOS.dtl
 sdb/loader/demo/sourcedb/EDEMO/PHOTOS/EDEMO_PHOTOS.xml|sdb/loader/demo/sourcedb/EDEMO/PHOTOS/EDEMO_PHOTOS.xml
 sdb/loader/demo/sourcedb/EDEMO/PHOTOS/EDEMO_PHOTOS_PHOTO.long001|sdb/loader/demo/sourcedb/EDEMO/PHOTOS/EDEMO_PHOTOS_PHOTO.long001
 sdb/loader/demo/sourcedb/EDEMO/PHOTOS/EDEMO_PHOTOS_PHOTO.long002|sdb/loader/demo/sourcedb/EDEMO/PHOTOS/EDEMO_PHOTOS_PHOTO.long002
 sdb/loader/demo/sourcedb/EDEMO/PHOTOS/EDEMO_PHOTOS_PHOTO.long003|sdb/loader/demo/sourcedb/EDEMO/PHOTOS/EDEMO_PHOTOS_PHOTO.long003
 sdb/loader/demo/sourcedb/EDEMO/PHOTOS/EDEMO_PHOTOS_PHOTO.long004|sdb/loader/demo/sourcedb/EDEMO/PHOTOS/EDEMO_PHOTOS_PHOTO.long004
 sdb/loader/demo/sourcedb/EDEMO/PHOTOS/EDEMO_PHOTOS_PHOTO.long005|sdb/loader/demo/sourcedb/EDEMO/PHOTOS/EDEMO_PHOTOS_PHOTO.long005
 sdb/loader/demo/sourcedb/EDEMO/PHOTOS/EDEMO_PHOTOS_PHOTO.long006|sdb/loader/demo/sourcedb/EDEMO/PHOTOS/EDEMO_PHOTOS_PHOTO.long006
 sdb/loader/demo/sourcedb/EDEMO/PHOTOS/EDEMO_PHOTOS_PHOTO.long007|sdb/loader/demo/sourcedb/EDEMO/PHOTOS/EDEMO_PHOTOS_PHOTO.long007
 sdb/loader/demo/sourcedb/EDEMO/PHOTOS/EDEMO_PHOTOS_PHOTO.long008|sdb/loader/demo/sourcedb/EDEMO/PHOTOS/EDEMO_PHOTOS_PHOTO.long008
 sdb/loader/demo/sourcedb/EDEMO/PHOTOS/EDEMO_PHOTOS_PHOTO.long009|sdb/loader/demo/sourcedb/EDEMO/PHOTOS/EDEMO_PHOTOS_PHOTO.long009
 sdb/loader/demo/sourcedb/EDEMO/PHOTOS/EDEMO_PHOTOS_PHOTO.long010|sdb/loader/demo/sourcedb/EDEMO/PHOTOS/EDEMO_PHOTOS_PHOTO.long010
 sdb/loader/demo/sourcedb/EDEMO/PHOTOS/EDEMO_PHOTOS_PHOTO.long011|sdb/loader/demo/sourcedb/EDEMO/PHOTOS/EDEMO_PHOTOS_PHOTO.long011
 sdb/loader/demo/sourcedb/EDEMO/PHOTOS/EDEMO_PHOTOS_PHOTO.long012|sdb/loader/demo/sourcedb/EDEMO/PHOTOS/EDEMO_PHOTOS_PHOTO.long012
 sdb/loader/demo/sourcedb/EDEMO/PHOTOS/EDEMO_PHOTOS_PHOTO.long013|sdb/loader/demo/sourcedb/EDEMO/PHOTOS/EDEMO_PHOTOS_PHOTO.long013
 sdb/loader/demo/sourcedb/EDEMO/PHOTOS/EDEMO_PHOTOS_PHOTO.long014|sdb/loader/demo/sourcedb/EDEMO/PHOTOS/EDEMO_PHOTOS_PHOTO.long014
 sdb/loader/demo/sourcedb/EDEMO/PRODUCTS/EDEMO_PRODUCTS.data|sdb/loader/demo/sourcedb/EDEMO/PRODUCTS/EDEMO_PRODUCTS.data
 sdb/loader/demo/sourcedb/EDEMO/PRODUCTS/EDEMO_PRODUCTS.dtl|sdb/loader/demo/sourcedb/EDEMO/PRODUCTS/EDEMO_PRODUCTS.dtl
 sdb/loader/demo/sourcedb/EDEMO/PRODUCTS/EDEMO_PRODUCTS.xml|sdb/loader/demo/sourcedb/EDEMO/PRODUCTS/EDEMO_PRODUCTS.xml
 sdb/loader/demo/sourcedb/EDEMO/REQUESTS/EDEMO_REQUESTS.data|sdb/loader/demo/sourcedb/EDEMO/REQUESTS/EDEMO_REQUESTS.data
 sdb/loader/demo/sourcedb/EDEMO/REQUESTS/EDEMO_REQUESTS.dtl|sdb/loader/demo/sourcedb/EDEMO/REQUESTS/EDEMO_REQUESTS.dtl
 sdb/loader/demo/sourcedb/EDEMO/REQUESTS/EDEMO_REQUESTS.xml|sdb/loader/demo/sourcedb/EDEMO/REQUESTS/EDEMO_REQUESTS.xml
 sdb/loader/demo/sourcedb/EDEMO/REQUESTS/EDEMO_REQUESTS_REQUEST.long001|sdb/loader/demo/sourcedb/EDEMO/REQUESTS/EDEMO_REQUESTS_REQUEST.long001
 sdb/loader/demo/sourcedb/EDEMO/REQUESTS/EDEMO_REQUESTS_REQUEST.long002|sdb/loader/demo/sourcedb/EDEMO/REQUESTS/EDEMO_REQUESTS_REQUEST.long002
 sdb/loader/demo/sourcedb/EDEMO/REQUESTS/EDEMO_REQUESTS_REQUEST.long003|sdb/loader/demo/sourcedb/EDEMO/REQUESTS/EDEMO_REQUESTS_REQUEST.long003
 sdb/loader/demo/sourcedb/EDEMO/REQUESTS/EDEMO_REQUESTS_REQUEST.long004|sdb/loader/demo/sourcedb/EDEMO/REQUESTS/EDEMO_REQUESTS_REQUEST.long004
 sdb/loader/demo/sourcedb/EDEMO/REQUESTS/EDEMO_REQUESTS_REQUEST.long005|sdb/loader/demo/sourcedb/EDEMO/REQUESTS/EDEMO_REQUESTS_REQUEST.long005
 sdb/loader/demo/sourcedb/EDEMO/REQUESTS/EDEMO_REQUESTS_REQUEST.long006|sdb/loader/demo/sourcedb/EDEMO/REQUESTS/EDEMO_REQUESTS_REQUEST.long006
 sdb/loader/demo/sourcedb/EDEMO/SHIPPERS/EDEMO_SHIPPERS.data|sdb/loader/demo/sourcedb/EDEMO/SHIPPERS/EDEMO_SHIPPERS.data
 sdb/loader/demo/sourcedb/EDEMO/SHIPPERS/EDEMO_SHIPPERS.dtl|sdb/loader/demo/sourcedb/EDEMO/SHIPPERS/EDEMO_SHIPPERS.dtl
 sdb/loader/demo/sourcedb/EDEMO/SHIPPERS/EDEMO_SHIPPERS.xml|sdb/loader/demo/sourcedb/EDEMO/SHIPPERS/EDEMO_SHIPPERS.xml
 sdb/loader/demo/sourcedb/EDEMO/SUPPLIERS/EDEMO_SUPPLIERS.data|sdb/loader/demo/sourcedb/EDEMO/SUPPLIERS/EDEMO_SUPPLIERS.data
 sdb/loader/demo/sourcedb/EDEMO/SUPPLIERS/EDEMO_SUPPLIERS.dtl|sdb/loader/demo/sourcedb/EDEMO/SUPPLIERS/EDEMO_SUPPLIERS.dtl
 sdb/loader/demo/sourcedb/EDEMO/SUPPLIERS/EDEMO_SUPPLIERS.xml|sdb/loader/demo/sourcedb/EDEMO/SUPPLIERS/EDEMO_SUPPLIERS.xml
 sdb/loader/demo/sourcedb/SQLTRAVEL00/SOURCEDB_SQLTRAVEL00.xml|sdb/loader/demo/sourcedb/SQLTRAVEL00/SOURCEDB_SQLTRAVEL00.xml
 sdb/loader/demo/sourcedb/SQLTRAVEL00/ACCOUNT/SQLTRAVEL00_ACCOUNT.data|sdb/loader/demo/sourcedb/SQLTRAVEL00/ACCOUNT/SQLTRAVEL00_ACCOUNT.data
 sdb/loader/demo/sourcedb/SQLTRAVEL00/ACCOUNT/SQLTRAVEL00_ACCOUNT.dtl|sdb/loader/demo/sourcedb/SQLTRAVEL00/ACCOUNT/SQLTRAVEL00_ACCOUNT.dtl
 sdb/loader/demo/sourcedb/SQLTRAVEL00/ACCOUNT/SQLTRAVEL00_ACCOUNT.xml|sdb/loader/demo/sourcedb/SQLTRAVEL00/ACCOUNT/SQLTRAVEL00_ACCOUNT.xml
 sdb/loader/demo/sourcedb/SQLTRAVEL00/CITY/SQLTRAVEL00_CITY.data|sdb/loader/demo/sourcedb/SQLTRAVEL00/CITY/SQLTRAVEL00_CITY.data
 sdb/loader/demo/sourcedb/SQLTRAVEL00/CITY/SQLTRAVEL00_CITY.dtl|sdb/loader/demo/sourcedb/SQLTRAVEL00/CITY/SQLTRAVEL00_CITY.dtl
 sdb/loader/demo/sourcedb/SQLTRAVEL00/CITY/SQLTRAVEL00_CITY.xml|sdb/loader/demo/sourcedb/SQLTRAVEL00/CITY/SQLTRAVEL00_CITY.xml
 sdb/loader/demo/sourcedb/SQLTRAVEL00/CUSTOMER/SQLTRAVEL00_CUSTOMER.data|sdb/loader/demo/sourcedb/SQLTRAVEL00/CUSTOMER/SQLTRAVEL00_CUSTOMER.data
 sdb/loader/demo/sourcedb/SQLTRAVEL00/CUSTOMER/SQLTRAVEL00_CUSTOMER.dtl|sdb/loader/demo/sourcedb/SQLTRAVEL00/CUSTOMER/SQLTRAVEL00_CUSTOMER.dtl
 sdb/loader/demo/sourcedb/SQLTRAVEL00/CUSTOMER/SQLTRAVEL00_CUSTOMER.xml|sdb/loader/demo/sourcedb/SQLTRAVEL00/CUSTOMER/SQLTRAVEL00_CUSTOMER.xml
 sdb/loader/demo/sourcedb/SQLTRAVEL10/SOURCEDB_SQLTRAVEL10.xml|sdb/loader/demo/sourcedb/SQLTRAVEL10/SOURCEDB_SQLTRAVEL10.xml
 sdb/loader/demo/sourcedb/SQLTRAVEL10/HOTEL/SQLTRAVEL10_HOTEL.data|sdb/loader/demo/sourcedb/SQLTRAVEL10/HOTEL/SQLTRAVEL10_HOTEL.data
 sdb/loader/demo/sourcedb/SQLTRAVEL10/HOTEL/SQLTRAVEL10_HOTEL.dtl|sdb/loader/demo/sourcedb/SQLTRAVEL10/HOTEL/SQLTRAVEL10_HOTEL.dtl
 sdb/loader/demo/sourcedb/SQLTRAVEL10/HOTEL/SQLTRAVEL10_HOTEL.xml|sdb/loader/demo/sourcedb/SQLTRAVEL10/HOTEL/SQLTRAVEL10_HOTEL.xml
 sdb/loader/demo/sourcedb/SQLTRAVEL10/HOTEL/SQLTRAVEL10_HOTEL_INFO.long001|sdb/loader/demo/sourcedb/SQLTRAVEL10/HOTEL/SQLTRAVEL10_HOTEL_INFO.long001
 sdb/loader/demo/sourcedb/SQLTRAVEL10/HOTEL/SQLTRAVEL10_HOTEL_INFO.long003|sdb/loader/demo/sourcedb/SQLTRAVEL10/HOTEL/SQLTRAVEL10_HOTEL_INFO.long003
 sdb/loader/demo/sourcedb/SQLTRAVEL10/HOTEL/SQLTRAVEL10_HOTEL_INFO.long006|sdb/loader/demo/sourcedb/SQLTRAVEL10/HOTEL/SQLTRAVEL10_HOTEL_INFO.long006
 sdb/loader/demo/sourcedb/SQLTRAVEL10/HOTEL/SQLTRAVEL10_HOTEL_INFO.long009|sdb/loader/demo/sourcedb/SQLTRAVEL10/HOTEL/SQLTRAVEL10_HOTEL_INFO.long009
 sdb/loader/demo/sourcedb/SQLTRAVEL10/ROOM/SQLTRAVEL10_ROOM.data|sdb/loader/demo/sourcedb/SQLTRAVEL10/ROOM/SQLTRAVEL10_ROOM.data
 sdb/loader/demo/sourcedb/SQLTRAVEL10/ROOM/SQLTRAVEL10_ROOM.dtl|sdb/loader/demo/sourcedb/SQLTRAVEL10/ROOM/SQLTRAVEL10_ROOM.dtl
 sdb/loader/demo/sourcedb/SQLTRAVEL10/ROOM/SQLTRAVEL10_ROOM.xml|sdb/loader/demo/sourcedb/SQLTRAVEL10/ROOM/SQLTRAVEL10_ROOM.xml
 sdb/loader/demo/sourcedb/SQLTRAVEL20/SOURCEDB_SQLTRAVEL20.xml|sdb/loader/demo/sourcedb/SQLTRAVEL20/SOURCEDB_SQLTRAVEL20.xml
 sdb/loader/demo/sourcedb/SQLTRAVEL20/RESERVATION/SQLTRAVEL20_RESERVATION.data|sdb/loader/demo/sourcedb/SQLTRAVEL20/RESERVATION/SQLTRAVEL20_RESERVATION.data
 sdb/loader/demo/sourcedb/SQLTRAVEL20/RESERVATION/SQLTRAVEL20_RESERVATION.dtl|sdb/loader/demo/sourcedb/SQLTRAVEL20/RESERVATION/SQLTRAVEL20_RESERVATION.dtl
 sdb/loader/demo/sourcedb/SQLTRAVEL20/RESERVATION/SQLTRAVEL20_RESERVATION.xml|sdb/loader/demo/sourcedb/SQLTRAVEL20/RESERVATION/SQLTRAVEL20_RESERVATION.xml
 sdb/loader/performance/export_11_data.txt  |sdb/loader/performance/export_11_data.txt  
 sdb/loader/performance/export_12_data.txt  |sdb/loader/performance/export_12_data.txt  
 sdb/loader/performance/export_13_data.txt  |sdb/loader/performance/export_13_data.txt  
 sdb/loader/performance/export_14_data.txt  |sdb/loader/performance/export_14_data.txt  
 sdb/loader/performance/export_15_data.txt  |sdb/loader/performance/export_15_data.txt  
 sdb/loader/performance/export_16_data.txt  |sdb/loader/performance/export_16_data.txt  
 sdb/loader/performance/export_17_data.txt  |sdb/loader/performance/export_17_data.txt  
 sdb/loader/performance/export_18_data.txt  |sdb/loader/performance/export_18_data.txt  
 sdb/loader/performance/import_11_data.txt  |sdb/loader/performance/import_11_data.txt  
 sdb/loader/performance/import_12_data.txt  |sdb/loader/performance/import_12_data.txt  
 sdb/loader/performance/import_13_data.txt  |sdb/loader/performance/import_13_data.txt  
 sdb/loader/performance/import_14_data.txt  |sdb/loader/performance/import_14_data.txt  
 sdb/loader/performance/import_15_data.txt  |sdb/loader/performance/import_15_data.txt  
 sdb/loader/performance/import_16_data.txt  |sdb/loader/performance/import_16_data.txt  
 sdb/loader/performance/import_17_data.txt  |sdb/loader/performance/import_17_data.txt  
 sdb/loader/performance/import_18_data.txt  |sdb/loader/performance/import_18_data.txt  
 sdb/loader/performance/import_2_data.txt   |sdb/loader/performance/import_2_data.txt   
 sdb/loader/performance/export_1_package.txt|sdb/loader/performance/export_1_package.txt
 sdb/loader/performance/import_1_package.txt|sdb/loader/performance/import_1_package.txt
 sdb/loader/performance/import_2_package.txt|sdb/loader/performance/import_2_package.txt
 sdb/loader/performance/export_1_data.bat   |sdb/loader/performance/export_1_data.bat   
 sdb/loader/performance/import_1_data.bat   |sdb/loader/performance/import_1_data.bat   
 sdb/loader/performance/import_2_data.bat   |sdb/loader/performance/import_2_data.bat   
 sdb/loader/performance/export_1_package.bat|sdb/loader/performance/export_1_package.bat
 sdb/loader/performance/import_1_package.bat|sdb/loader/performance/import_1_package.bat
 sdb/loader/performance/import_2_package.bat|sdb/loader/performance/import_2_package.bat